Archive member included to satisfy reference by file (symbol)

D:/STMIDE/STM32CubeIDE/plugins/com.st.stm32cube.ide.mcu.externaltools.gnu-tools-for-stm32.11.3.rel1.win32_1.1.100.202309141235/tools/bin/../lib/gcc/arm-none-eabi/11.3.1/../../../../arm-none-eabi/lib/thumb/v7e-m+fp/hard\libc_nano.a(libc_a-exit.o)
                              D:/STMIDE/STM32CubeIDE/plugins/com.st.stm32cube.ide.mcu.externaltools.gnu-tools-for-stm32.11.3.rel1.win32_1.1.100.202309141235/tools/bin/../lib/gcc/arm-none-eabi/11.3.1/../../../../arm-none-eabi/lib/thumb/v7e-m+fp/hard/crt0.o (exit)
D:/STMIDE/STM32CubeIDE/plugins/com.st.stm32cube.ide.mcu.externaltools.gnu-tools-for-stm32.11.3.rel1.win32_1.1.100.202309141235/tools/bin/../lib/gcc/arm-none-eabi/11.3.1/../../../../arm-none-eabi/lib/thumb/v7e-m+fp/hard\libc_nano.a(libc_a-findfp.o)
                              D:/STMIDE/STM32CubeIDE/plugins/com.st.stm32cube.ide.mcu.externaltools.gnu-tools-for-stm32.11.3.rel1.win32_1.1.100.202309141235/tools/bin/../lib/gcc/arm-none-eabi/11.3.1/../../../../arm-none-eabi/lib/thumb/v7e-m+fp/hard\libc_nano.a(libc_a-exit.o) (__stdio_exit_handler)
D:/STMIDE/STM32CubeIDE/plugins/com.st.stm32cube.ide.mcu.externaltools.gnu-tools-for-stm32.11.3.rel1.win32_1.1.100.202309141235/tools/bin/../lib/gcc/arm-none-eabi/11.3.1/../../../../arm-none-eabi/lib/thumb/v7e-m+fp/hard\libc_nano.a(libc_a-fwalk.o)
                              D:/STMIDE/STM32CubeIDE/plugins/com.st.stm32cube.ide.mcu.externaltools.gnu-tools-for-stm32.11.3.rel1.win32_1.1.100.202309141235/tools/bin/../lib/gcc/arm-none-eabi/11.3.1/../../../../arm-none-eabi/lib/thumb/v7e-m+fp/hard\libc_nano.a(libc_a-findfp.o) (_fwalk_sglue)
D:/STMIDE/STM32CubeIDE/plugins/com.st.stm32cube.ide.mcu.externaltools.gnu-tools-for-stm32.11.3.rel1.win32_1.1.100.202309141235/tools/bin/../lib/gcc/arm-none-eabi/11.3.1/../../../../arm-none-eabi/lib/thumb/v7e-m+fp/hard\libc_nano.a(libc_a-sprintf.o)
                              ./Core/Src/main.o (sprintf)
D:/STMIDE/STM32CubeIDE/plugins/com.st.stm32cube.ide.mcu.externaltools.gnu-tools-for-stm32.11.3.rel1.win32_1.1.100.202309141235/tools/bin/../lib/gcc/arm-none-eabi/11.3.1/../../../../arm-none-eabi/lib/thumb/v7e-m+fp/hard\libc_nano.a(libc_a-stdio.o)
                              D:/STMIDE/STM32CubeIDE/plugins/com.st.stm32cube.ide.mcu.externaltools.gnu-tools-for-stm32.11.3.rel1.win32_1.1.100.202309141235/tools/bin/../lib/gcc/arm-none-eabi/11.3.1/../../../../arm-none-eabi/lib/thumb/v7e-m+fp/hard\libc_nano.a(libc_a-findfp.o) (__sread)
D:/STMIDE/STM32CubeIDE/plugins/com.st.stm32cube.ide.mcu.externaltools.gnu-tools-for-stm32.11.3.rel1.win32_1.1.100.202309141235/tools/bin/../lib/gcc/arm-none-eabi/11.3.1/../../../../arm-none-eabi/lib/thumb/v7e-m+fp/hard\libc_nano.a(libc_a-memset.o)
                              D:/STMIDE/STM32CubeIDE/plugins/com.st.stm32cube.ide.mcu.externaltools.gnu-tools-for-stm32.11.3.rel1.win32_1.1.100.202309141235/tools/bin/../lib/gcc/arm-none-eabi/11.3.1/../../../../arm-none-eabi/lib/thumb/v7e-m+fp/hard/crt0.o (memset)
D:/STMIDE/STM32CubeIDE/plugins/com.st.stm32cube.ide.mcu.externaltools.gnu-tools-for-stm32.11.3.rel1.win32_1.1.100.202309141235/tools/bin/../lib/gcc/arm-none-eabi/11.3.1/../../../../arm-none-eabi/lib/thumb/v7e-m+fp/hard\libc_nano.a(libc_a-closer.o)
                              D:/STMIDE/STM32CubeIDE/plugins/com.st.stm32cube.ide.mcu.externaltools.gnu-tools-for-stm32.11.3.rel1.win32_1.1.100.202309141235/tools/bin/../lib/gcc/arm-none-eabi/11.3.1/../../../../arm-none-eabi/lib/thumb/v7e-m+fp/hard\libc_nano.a(libc_a-stdio.o) (_close_r)
D:/STMIDE/STM32CubeIDE/plugins/com.st.stm32cube.ide.mcu.externaltools.gnu-tools-for-stm32.11.3.rel1.win32_1.1.100.202309141235/tools/bin/../lib/gcc/arm-none-eabi/11.3.1/../../../../arm-none-eabi/lib/thumb/v7e-m+fp/hard\libc_nano.a(libc_a-reent.o)
                              D:/STMIDE/STM32CubeIDE/plugins/com.st.stm32cube.ide.mcu.externaltools.gnu-tools-for-stm32.11.3.rel1.win32_1.1.100.202309141235/tools/bin/../lib/gcc/arm-none-eabi/11.3.1/../../../../arm-none-eabi/lib/thumb/v7e-m+fp/hard\libc_nano.a(libc_a-closer.o) (errno)
D:/STMIDE/STM32CubeIDE/plugins/com.st.stm32cube.ide.mcu.externaltools.gnu-tools-for-stm32.11.3.rel1.win32_1.1.100.202309141235/tools/bin/../lib/gcc/arm-none-eabi/11.3.1/../../../../arm-none-eabi/lib/thumb/v7e-m+fp/hard\libc_nano.a(libc_a-impure.o)
                              D:/STMIDE/STM32CubeIDE/plugins/com.st.stm32cube.ide.mcu.externaltools.gnu-tools-for-stm32.11.3.rel1.win32_1.1.100.202309141235/tools/bin/../lib/gcc/arm-none-eabi/11.3.1/../../../../arm-none-eabi/lib/thumb/v7e-m+fp/hard\libc_nano.a(libc_a-sprintf.o) (_impure_ptr)
D:/STMIDE/STM32CubeIDE/plugins/com.st.stm32cube.ide.mcu.externaltools.gnu-tools-for-stm32.11.3.rel1.win32_1.1.100.202309141235/tools/bin/../lib/gcc/arm-none-eabi/11.3.1/../../../../arm-none-eabi/lib/thumb/v7e-m+fp/hard\libc_nano.a(libc_a-lseekr.o)
[...]
Memory Configuration

Name             Origin             Length             Attributes
RAM              0x0000000020000000 0x0000000000020000 xrw
FLASH            0x0000000008000000 0x0000000000080000 xr
*default*        0x0000000000000000 0xffffffffffffffff

Linker script and memory map

LOAD D:/STMIDE/STM32CubeIDE/plugins/com.st.stm32cube.ide.mcu.externaltools.gnu-tools-for-stm32.11.3.rel1.win32_1.1.100.202309141235/tools/bin/../lib/gcc/arm-none-eabi/11.3.1/thumb/v7e-m+fp/hard/crti.o
LOAD D:/STMIDE/STM32CubeIDE/plugins/com.st.stm32cube.ide.mcu.externaltools.gnu-tools-for-stm32.11.3.rel1.win32_1.1.100.202309141235/tools/bin/../lib/gcc/arm-none-eabi/11.3.1/thumb/v7e-m+fp/hard/crtbegin.o
LOAD D:/STMIDE/STM32CubeIDE/plugins/com.st.stm32cube.ide.mcu.externaltools.gnu-tools-for-stm32.11.3.rel1.win32_1.1.100.202309141235/tools/bin/../lib/gcc/arm-none-eabi/11.3.1/../../../../arm-none-eabi/lib/thumb/v7e-m+fp/hard/crt0.o
LOAD ./Core/Src/fonts.o
LOAD ./Core/Src/main.o
LOAD ./Core/Src/mlx90614.o
LOAD ./Core/Src/ssd1306.o
LOAD ./Core/Src/stm32f4xx_hal_msp.o
LOAD ./Core/Src/stm32f4xx_it.o
LOAD ./Core/Src/syscalls.o
LOAD ./Core/Src/sysmem.o
LOAD ./Core/Src/system_stm32f4xx.o
LOAD ./Core/Src/test.o
LOAD ./Core/Startup/startup_stm32f446retx.o
LOAD ./Drivers/STM32F4xx_HAL_Driver/Src/stm32f4xx_hal.o
LOAD ./Drivers/STM32F4xx_HAL_Driver/Src/stm32f4xx_hal_cortex.o
LOAD ./Drivers/STM32F4xx_HAL_Driver/Src/stm32f4xx_hal_dma.o
LOAD ./Drivers/STM32F4xx_HAL_Driver/Src/stm32f4xx_hal_dma_ex.o
LOAD ./Drivers/STM32F4xx_HAL_Driver/Src/stm32f4xx_hal_exti.o
LOAD ./Drivers/STM32F4xx_HAL_Driver/Src/stm32f4xx_hal_flash.o
LOAD ./Drivers/STM32F4xx_HAL_Driver/Src/stm32f4xx_hal_flash_ex.o
LOAD ./Drivers/STM32F4xx_HAL_Driver/Src/stm32f4xx_hal_flash_ramfunc.o
LOAD ./Drivers/STM32F4xx_HAL_Driver/Src/stm32f4xx_hal_gpio.o
LOAD ./Drivers/STM32F4xx_HAL_Driver/Src/stm32f4xx_hal_i2c.o
LOAD ./Drivers/STM32F4xx_HAL_Driver/Src/stm32f4xx_hal_i2c_ex.o
LOAD ./Drivers/STM32F4xx_HAL_Driver/Src/stm32f4xx_hal_pwr.o
LOAD ./Drivers/STM32F4xx_HAL_Driver/Src/stm32f4xx_hal_pwr_ex.o
LOAD ./Drivers/STM32F4xx_HAL_Driver/Src/stm32f4xx_hal_rcc.o
LOAD ./Drivers/STM32F4xx_HAL_Driver/Src/stm32f4xx_hal_rcc_ex.o
LOAD ./Drivers/STM32F4xx_HAL_Driver/Src/stm32f4xx_hal_tim.o
LOAD ./Drivers/STM32F4xx_HAL_Driver/Src/stm32f4xx_hal_tim_ex.o
LOAD ./Drivers/STM32F4xx_HAL_Driver/Src/stm32f4xx_hal_uart.o
START GROUP
LOAD D:/STMIDE/STM32CubeIDE/plugins/com.st.stm32cube.ide.mcu.externaltools.gnu-tools-for-stm32.11.3.rel1.win32_1.1.100.202309141235/tools/bin/../lib/gcc/arm-none-eabi/11.3.1/../../../../arm-none-eabi/lib/thumb/v7e-m+fp/hard\libc_nano.a
LOAD D:/STMIDE/STM32CubeIDE/plugins/com.st.stm32cube.ide.mcu.externaltools.gnu-tools-for-stm32.11.3.rel1.win32_1.1.100.202309141235/tools/bin/../lib/gcc/arm-none-eabi/11.3.1/../../../../arm-none-eabi/lib/thumb/v7e-m+fp/hard\libm.a
END GROUP
START GROUP
LOAD D:/STMIDE/STM32CubeIDE/plugins/com.st.stm32cube.ide.mcu.externaltools.gnu-tools-for-stm32.11.3.rel1.win32_1.1.100.202309141235/tools/bin/../lib/gcc/arm-none-eabi/11.3.1/thumb/v7e-m+fp/hard\libgcc.a
LOAD D:/STMIDE/STM32CubeIDE/plugins/com.st.stm32cube.ide.mcu.externaltools.gnu-tools-for-stm32.11.3.rel1.win32_1.1.100.202309141235/tools/bin/../lib/gcc/arm-none-eabi/11.3.1/../../../../arm-none-eabi/lib/thumb/v7e-m+fp/hard\libc_nano.a
END GROUP
START GROUP
LOAD D:/STMIDE/STM32CubeIDE/plugins/com.st.stm32cube.ide.mcu.externaltools.gnu-tools-for-stm32.11.3.rel1.win32_1.1.100.202309141235/tools/bin/../lib/gcc/arm-none-eabi/11.3.1/thumb/v7e-m+fp/hard\libgcc.a
LOAD D:/STMIDE/STM32CubeIDE/plugins/com.st.stm32cube.ide.mcu.externaltools.gnu-tools-for-stm32.11.3.rel1.win32_1.1.100.202309141235/tools/bin/../lib/gcc/arm-none-eabi/11.3.1/../../../../arm-none-eabi/lib/thumb/v7e-m+fp/hard\libc_nano.a
LOAD D:/STMIDE/STM32CubeIDE/plugins/com.st.stm32cube.ide.mcu.externaltools.gnu-tools-for-stm32.11.3.rel1.win32_1.1.100.202309141235/tools/bin/../lib/gcc/arm-none-eabi/11.3.1/../../../../arm-none-eabi/lib/thumb/v7e-m+fp/hard\libnosys.a
END GROUP
START GROUP
LOAD D:/STMIDE/STM32CubeIDE/plugins/com.st.stm32cube.ide.mcu.externaltools.gnu-tools-for-stm32.11.3.rel1.win32_1.1.100.202309141235/tools/bin/../lib/gcc/arm-none-eabi/11.3.1/thumb/v7e-m+fp/hard\libgcc.a
LOAD D:/STMIDE/STM32CubeIDE/plugins/com.st.stm32cube.ide.mcu.externaltools.gnu-tools-for-stm32.11.3.rel1.win32_1.1.100.202309141235/tools/bin/../lib/gcc/arm-none-eabi/11.3.1/../../../../arm-none-eabi/lib/thumb/v7e-m+fp/hard\libc_nano.a
LOAD D:/STMIDE/STM32CubeIDE/plugins/com.st.stm32cube.ide.mcu.externaltools.gnu-tools-for-stm32.11.3.rel1.win32_1.1.100.202309141235/tools/bin/../lib/gcc/arm-none-eabi/11.3.1/../../../../arm-none-eabi/lib/thumb/v7e-m+fp/hard\libnosys.a
END GROUP
LOAD D:/STMIDE/STM32CubeIDE/plugins/com.st.stm32cube.ide.mcu.externaltools.gnu-tools-for-stm32.11.3.rel1.win32_1.1.100.202309141235/tools/bin/../lib/gcc/arm-none-eabi/11.3.1/thumb/v7e-m+fp/hard/crtend.o
LOAD D:/STMIDE/STM32CubeIDE/plugins/com.st.stm32cube.ide.mcu.externaltools.gnu-tools-for-stm32.11.3.rel1.win32_1.1.100.202309141235/tools/bin/../lib/gcc/arm-none-eabi/11.3.1/thumb/v7e-m+fp/hard/crtn.o
                0x0000000020020000                _estack = (ORIGIN (RAM) + LENGTH (RAM))
                0x0000000000000200                _Min_Heap_Size = 0x200
                0x0000000000000400                _Min_Stack_Size = 0x400

.isr_vector     0x0000000008000000      0x1c4
                0x0000000008000000                . = ALIGN (0x4)
 *(.isr_vector)
 .isr_vector    0x0000000008000000      0x1c4 ./Core/Startup/startup_stm32f446retx.o
                0x0000000008000000                g_pfnVectors
                0x00000000080001c4                . = ALIGN (0x4)

.text           0x00000000080001d0     0x443c
                0x00000000080001d0                . = ALIGN (0x4)
 *(.text)
 .text          0x00000000080001d0       0x40 D:/STMIDE/STM32CubeIDE/plugins/com.st.stm32cube.ide.mcu.externaltools.gnu-tools-for-stm32.11.3.rel1.win32_1.1.100.202309141235/tools/bin/../lib/gcc/arm-none-eabi/11.3.1/thumb/v7e-m+fp/hard/crtbegin.o
 .text          0x0000000008000210       0xa0 D:/STMIDE/STM32CubeIDE/plugins/com.st.stm32cube.ide.mcu.externaltools.gnu-tools-for-stm32.11.3.rel1.win32_1.1.100.202309141235/tools/bin/../lib/gcc/arm-none-eabi/11.3.1/../../../../arm-none-eabi/lib/thumb/v7e-m+fp/hard\libc_nano.a(libc_a-memchr.o)
                0x0000000008000210                memchr
 .text          0x00000000080002b0       0x30 D:/STMIDE/STM32CubeIDE/plugins/com.st.stm32cube.ide.mcu.externaltools.gnu-tools-for-stm32.11.3.rel1.win32_1.1.100.202309141235/tools/bin/../lib/gcc/arm-none-eabi/11.3.1/thumb/v7e-m+fp/hard\libgcc.a(_aeabi_uldivmod.o)
                0x00000000080002b0                __aeabi_uldivmod
 .text          0x00000000080002e0      0x2c8 D:/STMIDE/STM32CubeIDE/plugins/com.st.stm32cube.ide.mcu.externaltools.gnu-tools-for-stm32.11.3.rel1.win32_1.1.100.202309141235/tools/bin/../lib/gcc/arm-none-eabi/11.3.1/thumb/v7e-m+fp/hard\libgcc.a(_udivmoddi4.o)
                0x00000000080002e0                __udivmoddi4
 .text          0x00000000080005a8        0x4 D:/STMIDE/STM32CubeIDE/plugins/com.st.stm32cube.ide.mcu.externaltools.gnu-tools-for-stm32.11.3.rel1.win32_1.1.100.202309141235/tools/bin/../lib/gcc/arm-none-eabi/11.3.1/thumb/v7e-m+fp/hard\libgcc.a(_dvmd_tls.o)
                0x00000000080005a8                __aeabi_idiv0
                0x00000000080005a8                __aeabi_ldiv0
 *(.text*)
 .text.main     0x00000000080005ac       0x90 ./Core/Src/main.o
                0x00000000080005ac                main
 .text.SystemClock_Config
                0x000000000800063c       0xdc ./Core/Src/main.o
                0x000000000800063c                SystemClock_Config
 .text.MX_I2C1_Init
                0x0000000008000718       0x5c ./Core/Src/main.o
 .text.MX_I2C2_Init
                0x0000000008000774       0x5c ./Core/Src/main.o
 .text.MX_USART2_UART_Init
                0x00000000080007d0       0x54 ./Core/Src/main.o
 .text.MX_GPIO_Init
                0x0000000008000824       0xdc ./Core/Src/main.o
 .text.Error_Handler
                0x0000000008000900        0xa ./Core/Src/main.o
                0x0000000008000900                Error_Handler
 .text.MLX90614_Init
                0x000000000800090a       0x16 ./Core/Src/mlx90614.o
                0x000000000800090a                MLX90614_Init
 .text.MLX90614_ReadTemp
                0x0000000008000920       0x88 ./Core/Src/mlx90614.o
                0x0000000008000920                MLX90614_ReadTemp
 .text.SSD1306_Init
                0x00000000080009a8      0x188 ./Core/Src/ssd1306.o
                0x00000000080009a8                SSD1306_Init
 .text.SSD1306_UpdateScreen
                0x0000000008000b30       0x5c ./Core/Src/ssd1306.o
                0x0000000008000b30                SSD1306_UpdateScreen
 .text.SSD1306_Fill
                0x0000000008000b8c       0x30 ./Core/Src/ssd1306.o
                0x0000000008000b8c                SSD1306_Fill
 .text.SSD1306_DrawPixel
                0x0000000008000bbc       0xc0 ./Core/Src/ssd1306.o
                0x0000000008000bbc                SSD1306_DrawPixel
 .text.SSD1306_GotoXY
                0x0000000008000c7c       0x2c ./Core/Src/ssd1306.o
                0x0000000008000c7c                SSD1306_GotoXY
 .text.SSD1306_Putc
                0x0000000008000ca8      0x100 ./Core/Src/ssd1306.o
                0x0000000008000ca8                SSD1306_Putc
 .text.SSD1306_Puts
                0x0000000008000da8       0x4a ./Core/Src/ssd1306.o
                0x0000000008000da8                SSD1306_Puts
 *fill*         0x0000000008000df2        0x2 
 .text.ssd1306_I2C_Init
                0x0000000008000df4       0x2c ./Core/Src/ssd1306.o
                0x0000000008000df4                ssd1306_I2C_Init
 .text.ssd1306_I2C_WriteMulti
                0x0000000008000e20       0xcc ./Core/Src/ssd1306.o
                0x0000000008000e20                ssd1306_I2C_WriteMulti
 .text.ssd1306_I2C_Write
                0x0000000008000eec       0x3c ./Core/Src/ssd1306.o
                0x0000000008000eec                ssd1306_I2C_Write
 .text.HAL_MspInit
                0x0000000008000f28       0x50 ./Core/Src/stm32f4xx_hal_msp.o
                0x0000000008000f28                HAL_MspInit
 .text.HAL_I2C_MspInit
                0x0000000008000f78      0x13c ./Core/Src/stm32f4xx_hal_msp.o
                0x0000000008000f78                HAL_I2C_MspInit
 .text.HAL_UART_MspInit
                0x00000000080010b4       0x90 ./Core/Src/stm32f4xx_hal_msp.o
                0x00000000080010b4                HAL_UART_MspInit
 .text.NMI_Handler
                0x0000000008001144        0x6 ./Core/Src/stm32f4xx_it.o
                0x0000000008001144                NMI_Handler
 .text.HardFault_Handler
                0x000000000800114a        0x6 ./Core/Src/stm32f4xx_it.o
                0x000000000800114a                HardFault_Handler
 .text.MemManage_Handler
                0x0000000008001150        0x6 ./Core/Src/stm32f4xx_it.o
                0x0000000008001150                MemManage_Handler
 .text.BusFault_Handler
                0x0000000008001156        0x6 ./Core/Src/stm32f4xx_it.o
                0x0000000008001156                BusFault_Handler
 .text.UsageFault_Handler
                0x000000000800115c        0x6 ./Core/Src/stm32f4xx_it.o
                0x000000000800115c                UsageFault_Handler
 .text.SVC_Handler
                0x0000000008001162        0xe ./Core/Src/stm32f4xx_it.o
                0x0000000008001162                SVC_Handler
 .text.DebugMon_Handler
                0x0000000008001170        0xe ./Core/Src/stm32f4xx_it.o
                0x0000000008001170                DebugMon_Handler
 .text.PendSV_Handler
                0x000000000800117e        0xe ./Core/Src/stm32f4xx_it.o
                0x000000000800117e                PendSV_Handler
 .text.SysTick_Handler
                0x000000000800118c        0xc ./Core/Src/stm32f4xx_it.o
                0x000000000800118c                SysTick_Handler
 .text._sbrk    0x0000000008001198       0x6c ./Core/Src/sysmem.o
                0x0000000008001198                _sbrk
 .text.SystemInit
                0x0000000008001204       0x24 ./Core/Src/system_stm32f4xx.o
                0x0000000008001204                SystemInit
 .text.Reset_Handler
                0x0000000008001228       0x50 ./Core/Startup/startup_stm32f446retx.o
                0x0000000008001228                Reset_Handler
 .text.Default_Handler
                0x0000000008001278        0x2 ./Core/Startup/startup_stm32f446retx.o
                0x0000000008001278                RTC_Alarm_IRQHandler
                0x0000000008001278                EXTI2_IRQHandler
                0x0000000008001278                TIM8_CC_IRQHandler
                0x0000000008001278                FMPI2C1_EV_IRQHandler
                0x0000000008001278                SPI4_IRQHandler
                0x0000000008001278                TIM1_CC_IRQHandler
                0x0000000008001278                DMA2_Stream5_IRQHandler
                0x0000000008001278                DMA1_Stream5_IRQHandler
                0x0000000008001278                PVD_IRQHandler
                0x0000000008001278                SDIO_IRQHandler
                0x0000000008001278                TAMP_STAMP_IRQHandler
                0x0000000008001278                CAN2_RX1_IRQHandler
                0x0000000008001278                EXTI3_IRQHandler
                0x0000000008001278                TIM8_TRG_COM_TIM14_IRQHandler
                0x0000000008001278                TIM1_UP_TIM10_IRQHandler
                0x0000000008001278                TIM8_UP_TIM13_IRQHandler
                0x0000000008001278                I2C3_ER_IRQHandler
                0x0000000008001278                EXTI0_IRQHandler
                0x0000000008001278                I2C2_EV_IRQHandler
                0x0000000008001278                DMA1_Stream2_IRQHandler
                0x0000000008001278                CAN1_RX0_IRQHandler
                0x0000000008001278                FPU_IRQHandler
                0x0000000008001278                OTG_HS_WKUP_IRQHandler
                0x0000000008001278                CAN2_SCE_IRQHandler
                0x0000000008001278                DMA2_Stream2_IRQHandler
                0x0000000008001278                SPI1_IRQHandler
                0x0000000008001278                TIM6_DAC_IRQHandler
                0x0000000008001278                TIM1_BRK_TIM9_IRQHandler
                0x0000000008001278                DCMI_IRQHandler
                0x0000000008001278                CAN2_RX0_IRQHandler
                0x0000000008001278                DMA2_Stream3_IRQHandler
                0x0000000008001278                SAI2_IRQHandler
                0x0000000008001278                USART6_IRQHandler
                0x0000000008001278                USART3_IRQHandler
                0x0000000008001278                CAN1_RX1_IRQHandler
                0x0000000008001278                UART5_IRQHandler
                0x0000000008001278                DMA2_Stream0_IRQHandler
                0x0000000008001278                TIM4_IRQHandler
                0x0000000008001278                QUADSPI_IRQHandler
                0x0000000008001278                I2C1_EV_IRQHandler
                0x0000000008001278                DMA1_Stream6_IRQHandler
                0x0000000008001278                DMA1_Stream1_IRQHandler
                0x0000000008001278                UART4_IRQHandler
                0x0000000008001278                TIM3_IRQHandler
                0x0000000008001278                RCC_IRQHandler
                0x0000000008001278                TIM8_BRK_TIM12_IRQHandler
                0x0000000008001278                Default_Handler
                0x0000000008001278                CEC_IRQHandler
                0x0000000008001278                EXTI15_10_IRQHandler
                0x0000000008001278                ADC_IRQHandler
                0x0000000008001278                DMA1_Stream7_IRQHandler
                0x0000000008001278                TIM7_IRQHandler
                0x0000000008001278                CAN2_TX_IRQHandler
                0x0000000008001278                TIM5_IRQHandler
                0x0000000008001278                DMA2_Stream7_IRQHandler
                0x0000000008001278                I2C3_EV_IRQHandler
                0x0000000008001278                EXTI9_5_IRQHandler
                0x0000000008001278                RTC_WKUP_IRQHandler
                0x0000000008001278                SPDIF_RX_IRQHandler
                0x0000000008001278                SPI2_IRQHandler
                0x0000000008001278                OTG_HS_EP1_IN_IRQHandler
                0x0000000008001278                DMA1_Stream0_IRQHandler
                0x0000000008001278                CAN1_TX_IRQHandler
                0x0000000008001278                FMPI2C1_ER_IRQHandler
                0x0000000008001278                EXTI4_IRQHandler
                0x0000000008001278                OTG_HS_EP1_OUT_IRQHandler
                0x0000000008001278                WWDG_IRQHandler
                0x0000000008001278                TIM2_IRQHandler
                0x0000000008001278                OTG_FS_WKUP_IRQHandler
                0x0000000008001278                TIM1_TRG_COM_TIM11_IRQHandler
                0x0000000008001278                OTG_HS_IRQHandler
                0x0000000008001278                EXTI1_IRQHandler
                0x0000000008001278                USART2_IRQHandler
                0x0000000008001278                I2C2_ER_IRQHandler
                0x0000000008001278                DMA2_Stream1_IRQHandler
                0x0000000008001278                CAN1_SCE_IRQHandler
                0x0000000008001278                FLASH_IRQHandler
                0x0000000008001278                DMA2_Stream4_IRQHandler
                0x0000000008001278                USART1_IRQHandler
                0x0000000008001278                OTG_FS_IRQHandler
                0x0000000008001278                SPI3_IRQHandler
                0x0000000008001278                DMA1_Stream4_IRQHandler
                0x0000000008001278                I2C1_ER_IRQHandler
                0x0000000008001278                FMC_IRQHandler
                0x0000000008001278                DMA2_Stream6_IRQHandler
                0x0000000008001278                SAI1_IRQHandler
                0x0000000008001278                DMA1_Stream3_IRQHandler
 *fill*         0x000000000800127a        0x2 
 .text.HAL_Init
                0x000000000800127c       0x44 ./Drivers/STM32F4xx_HAL_Driver/Src/stm32f4xx_hal.o
                0x000000000800127c                HAL_Init
 .text.HAL_InitTick
                0x00000000080012c0       0x60 ./Drivers/STM32F4xx_HAL_Driver/Src/stm32f4xx_hal.o
                0x00000000080012c0                HAL_InitTick
 .text.HAL_IncTick
                0x0000000008001320       0x28 ./Drivers/STM32F4xx_HAL_Driver/Src/stm32f4xx_hal.o
                0x0000000008001320                HAL_IncTick
 .text.HAL_GetTick
                0x0000000008001348       0x18 ./Drivers/STM32F4xx_HAL_Driver/Src/stm32f4xx_hal.o
                0x0000000008001348                HAL_GetTick
 .text.HAL_Delay
                0x0000000008001360       0x48 ./Drivers/STM32F4xx_HAL_Driver/Src/stm32f4xx_hal.o
                0x0000000008001360                HAL_Delay
 .text.__NVIC_SetPriorityGrouping
                0x00000000080013a8       0x48 ./Drivers/STM32F4xx_HAL_Driver/Src/stm32f4xx_hal_cortex.o
 .text.__NVIC_GetPriorityGrouping
                0x00000000080013f0       0x1c ./Drivers/STM32F4xx_HAL_Driver/Src/stm32f4xx_hal_cortex.o
 .text.__NVIC_SetPriority
                0x000000000800140c       0x54 ./Drivers/STM32F4xx_HAL_Driver/Src/stm32f4xx_hal_cortex.o
 .text.NVIC_EncodePriority
                0x0000000008001460       0x66 ./Drivers/STM32F4xx_HAL_Driver/Src/stm32f4xx_hal_cortex.o
 *fill*         0x00000000080014c6        0x2 
 .text.SysTick_Config
                0x00000000080014c8       0x44 ./Drivers/STM32F4xx_HAL_Driver/Src/stm32f4xx_hal_cortex.o
 .text.HAL_NVIC_SetPriorityGrouping
                0x000000000800150c       0x16 ./Drivers/STM32F4xx_HAL_Driver/Src/stm32f4xx_hal_cortex.o
                0x000000000800150c                HAL_NVIC_SetPriorityGrouping
 .text.HAL_NVIC_SetPriority
                0x0000000008001522       0x38 ./Drivers/STM32F4xx_HAL_Driver/Src/stm32f4xx_hal_cortex.o
                0x0000000008001522                HAL_NVIC_SetPriority
 .text.HAL_SYSTICK_Config
                0x000000000800155a       0x18 ./Drivers/STM32F4xx_HAL_Driver/Src/stm32f4xx_hal_cortex.o
                0x000000000800155a                HAL_SYSTICK_Config
 *fill*         0x0000000008001572        0x2 
 .text.HAL_GPIO_Init
                0x0000000008001574      0x328 ./Drivers/STM32F4xx_HAL_Driver/Src/stm32f4xx_hal_gpio.o
                0x0000000008001574                HAL_GPIO_Init
 .text.HAL_GPIO_WritePin
                0x000000000800189c       0x32 ./Drivers/STM32F4xx_HAL_Driver/Src/stm32f4xx_hal_gpio.o
                0x000000000800189c                HAL_GPIO_WritePin
 *fill*         0x00000000080018ce        0x2 
 .text.HAL_I2C_Init
                0x00000000080018d0      0x288 ./Drivers/STM32F4xx_HAL_Driver/Src/stm32f4xx_hal_i2c.o
                0x00000000080018d0                HAL_I2C_Init
 .text.HAL_I2C_Master_Transmit
                0x0000000008001b58      0x1fc ./Drivers/STM32F4xx_HAL_Driver/Src/stm32f4xx_hal_i2c.o
                0x0000000008001b58                HAL_I2C_Master_Transmit
 .text.HAL_I2C_Mem_Read
                0x0000000008001d54      0x464 ./Drivers/STM32F4xx_HAL_Driver/Src/stm32f4xx_hal_i2c.o
                0x0000000008001d54                HAL_I2C_Mem_Read
 .text.HAL_I2C_IsDeviceReady
                0x00000000080021b8      0x25c ./Drivers/STM32F4xx_HAL_Driver/Src/stm32f4xx_hal_i2c.o
                0x00000000080021b8                HAL_I2C_IsDeviceReady
 .text.I2C_MasterRequestWrite
                0x0000000008002414      0x104 ./Drivers/STM32F4xx_HAL_Driver/Src/stm32f4xx_hal_i2c.o
 .text.I2C_RequestMemoryRead
                0x0000000008002518      0x1d0 ./Drivers/STM32F4xx_HAL_Driver/Src/stm32f4xx_hal_i2c.o
 .text.I2C_WaitOnFlagUntilTimeout
                0x00000000080026e8       0xf4 ./Drivers/STM32F4xx_HAL_Driver/Src/stm32f4xx_hal_i2c.o
 .text.I2C_WaitOnMasterAddressFlagUntilTimeout
                0x00000000080027dc      0x140 ./Drivers/STM32F4xx_HAL_Driver/Src/stm32f4xx_hal_i2c.o
 .text.I2C_WaitOnTXEFlagUntilTimeout
                0x000000000800291c       0x90 ./Drivers/STM32F4xx_HAL_Driver/Src/stm32f4xx_hal_i2c.o
 .text.I2C_WaitOnBTFFlagUntilTimeout
                0x00000000080029ac       0x90 ./Drivers/STM32F4xx_HAL_Driver/Src/stm32f4xx_hal_i2c.o
 .text.I2C_WaitOnRXNEFlagUntilTimeout
                0x0000000008002a3c       0xba ./Drivers/STM32F4xx_HAL_Driver/Src/stm32f4xx_hal_i2c.o
 .text.I2C_IsAcknowledgeFailed
                0x0000000008002af6       0x5e ./Drivers/STM32F4xx_HAL_Driver/Src/stm32f4xx_hal_i2c.o
 .text.HAL_RCC_ClockConfig
                0x0000000008002b54      0x1cc ./Drivers/STM32F4xx_HAL_Driver/Src/stm32f4xx_hal_rcc.o
                0x0000000008002b54                HAL_RCC_ClockConfig
 .text.HAL_RCC_GetHCLKFreq
                0x0000000008002d20       0x18 ./Drivers/STM32F4xx_HAL_Driver/Src/stm32f4xx_hal_rcc.o
                0x0000000008002d20                HAL_RCC_GetHCLKFreq
 .text.HAL_RCC_GetPCLK1Freq
                0x0000000008002d38       0x28 ./Drivers/STM32F4xx_HAL_Driver/Src/stm32f4xx_hal_rcc.o
                0x0000000008002d38                HAL_RCC_GetPCLK1Freq
 .text.HAL_RCC_GetPCLK2Freq
                0x0000000008002d60       0x28 ./Drivers/STM32F4xx_HAL_Driver/Src/stm32f4xx_hal_rcc.o
                0x0000000008002d60                HAL_RCC_GetPCLK2Freq
 .text.HAL_RCC_GetSysClockFreq
                0x0000000008002d88      0x460 ./Drivers/STM32F4xx_HAL_Driver/Src/stm32f4xx_hal_rcc_ex.o
                0x0000000008002d88                HAL_RCC_GetSysClockFreq
 .text.HAL_RCC_OscConfig
                0x00000000080031e8      0x53c ./Drivers/STM32F4xx_HAL_Driver/Src/stm32f4xx_hal_rcc_ex.o
                0x00000000080031e8                HAL_RCC_OscConfig
 .text.HAL_UART_Init
                0x0000000008003724       0xa0 ./Drivers/STM32F4xx_HAL_Driver/Src/stm32f4xx_hal_uart.o
                0x0000000008003724                HAL_UART_Init
 .text.UART_SetConfig
                0x00000000080037c4      0x4e8 ./Drivers/STM32F4xx_HAL_Driver/Src/stm32f4xx_hal_uart.o
 .text.sprintf  0x0000000008003cac       0x40 D:/STMIDE/STM32CubeIDE/plugins/com.st.stm32cube.ide.mcu.externaltools.gnu-tools-for-stm32.11.3.rel1.win32_1.1.100.202309141235/tools/bin/../lib/gcc/arm-none-eabi/11.3.1/../../../../arm-none-eabi/lib/thumb/v7e-m+fp/hard\libc_nano.a(libc_a-sprintf.o)
                0x0000000008003cac                siprintf
                0x0000000008003cac                sprintf
 .text.memset   0x0000000008003cec       0x10 D:/STMIDE/STM32CubeIDE/plugins/com.st.stm32cube.ide.mcu.externaltools.gnu-tools-for-stm32.11.3.rel1.win32_1.1.100.202309141235/tools/bin/../lib/gcc/arm-none-eabi/11.3.1/../../../../arm-none-eabi/lib/thumb/v7e-m+fp/hard\libc_nano.a(libc_a-memset.o)
                0x0000000008003cec                memset
 .text.__errno  0x0000000008003cfc        0xc D:/STMIDE/STM32CubeIDE/plugins/com.st.stm32cube.ide.mcu.externaltools.gnu-tools-for-stm32.11.3.rel1.win32_1.1.100.202309141235/tools/bin/../lib/gcc/arm-none-eabi/11.3.1/../../../../arm-none-eabi/lib/thumb/v7e-m+fp/hard\libc_nano.a(libc_a-errno.o)
                0x0000000008003cfc                __errno
 .text.__libc_init_array
                0x0000000008003d08       0x48 D:/STMIDE/STM32CubeIDE/plugins/com.st.stm32cube.ide.mcu.externaltools.gnu-tools-for-stm32.11.3.rel1.win32_1.1.100.202309141235/tools/bin/../lib/gcc/arm-none-eabi/11.3.1/../../../../arm-none-eabi/lib/thumb/v7e-m+fp/hard\libc_nano.a(libc_a-init.o)
                0x0000000008003d08                __libc_init_array
 .text.__retarget_lock_acquire_recursive
                0x0000000008003d50        0x2 D:/STMIDE/STM32CubeIDE/plugins/com.st.stm32cube.ide.mcu.externaltools.gnu-tools-for-stm32.11.3.rel1.win32_1.1.100.202309141235/tools/bin/../lib/gcc/arm-none-eabi/11.3.1/../../../../arm-none-eabi/lib/thumb/v7e-m+fp/hard\libc_nano.a(libc_a-lock.o)
                0x0000000008003d50                __retarget_lock_acquire_recursive
 .text.__retarget_lock_release_recursive
                0x0000000008003d52        0x2 D:/STMIDE/STM32CubeIDE/plugins/com.st.stm32cube.ide.mcu.externaltools.gnu-tools-for-stm32.11.3.rel1.win32_1.1.100.202309141235/tools/bin/../lib/gcc/arm-none-eabi/11.3.1/../../../../arm-none-eabi/lib/thumb/v7e-m+fp/hard\libc_nano.a(libc_a-lock.o)
                0x0000000008003d52                __retarget_lock_release_recursive
 .text._free_r  0x0000000008003d54       0x98 D:/STMIDE/STM32CubeIDE/plugins/com.st.stm32cube.ide.mcu.externaltools.gnu-tools-for-stm32.11.3.rel1.win32_1.1.100.202309141235/tools/bin/../lib/gcc/arm-none-eabi/11.3.1/../../../../arm-none-eabi/lib/thumb/v7e-m+fp/hard\libc_nano.a(libc_a-freer.o)
                0x0000000008003d54                _free_r
 .text.sbrk_aligned
                0x0000000008003dec       0x40 D:/STMIDE/STM32CubeIDE/plugins/com.st.stm32cube.ide.mcu.externaltools.gnu-tools-for-stm32.11.3.rel1.win32_1.1.100.202309141235/tools/bin/../lib/gcc/arm-none-eabi/11.3.1/../../../../arm-none-eabi/lib/thumb/v7e-m+fp/hard\libc_nano.a(libc_a-mallocr.o)
 .text._malloc_r
                0x0000000008003e2c      0x100 D:/STMIDE/STM32CubeIDE/plugins/com.st.stm32cube.ide.mcu.externaltools.gnu-tools-for-stm32.11.3.rel1.win32_1.1.100.202309141235/tools/bin/../lib/gcc/arm-none-eabi/11.3.1/../../../../arm-none-eabi/lib/thumb/v7e-m+fp/hard\libc_nano.a(libc_a-mallocr.o)
                0x0000000008003e2c                _malloc_r
 .text.__malloc_lock
                0x0000000008003f2c        0xc D:/STMIDE/STM32CubeIDE/plugins/com.st.stm32cube.ide.mcu.externaltools.gnu-tools-for-stm32.11.3.rel1.win32_1.1.100.202309141235/tools/bin/../lib/gcc/arm-none-eabi/11.3.1/../../../../arm-none-eabi/lib/thumb/v7e-m+fp/hard\libc_nano.a(libc_a-mlock.o)
                0x0000000008003f2c                __malloc_lock
 .text.__malloc_unlock
                0x0000000008003f38        0xc D:/STMIDE/STM32CubeIDE/plugins/com.st.stm32cube.ide.mcu.externaltools.gnu-tools-for-stm32.11.3.rel1.win32_1.1.100.202309141235/tools/bin/../lib/gcc/arm-none-eabi/11.3.1/../../../../arm-none-eabi/lib/thumb/v7e-m+fp/hard\libc_nano.a(libc_a-mlock.o)
                0x0000000008003f38                __malloc_unlock
 .text.__ssputs_r
                0x0000000008003f44       0xb4 D:/STMIDE/STM32CubeIDE/plugins/com.st.stm32cube.ide.mcu.externaltools.gnu-tools-for-stm32.11.3.rel1.win32_1.1.100.202309141235/tools/bin/../lib/gcc/arm-none-eabi/11.3.1/../../../../arm-none-eabi/lib/thumb/v7e-m+fp/hard\libc_nano.a(libc_a-nano-svfprintf.o)
                0x0000000008003f44                __ssputs_r
 .text._svfprintf_r
                0x0000000008003ff8      0x1fc D:/STMIDE/STM32CubeIDE/plugins/com.st.stm32cube.ide.mcu.externaltools.gnu-tools-for-stm32.11.3.rel1.win32_1.1.100.202309141235/tools/bin/../lib/gcc/arm-none-eabi/11.3.1/../../../../arm-none-eabi/lib/thumb/v7e-m+fp/hard\libc_nano.a(libc_a-nano-svfprintf.o)
                0x0000000008003ff8                _svfiprintf_r
                0x0000000008003ff8                _svfprintf_r
 .text._printf_common
                0x00000000080041f4       0xda D:/STMIDE/STM32CubeIDE/plugins/com.st.stm32cube.ide.mcu.externaltools.gnu-tools-for-stm32.11.3.rel1.win32_1.1.100.202309141235/tools/bin/../lib/gcc/arm-none-eabi/11.3.1/../../../../arm-none-eabi/lib/thumb/v7e-m+fp/hard\libc_nano.a(libc_a-nano-vfprintf_i.o)
                0x00000000080041f4                _printf_common
 *fill*         0x00000000080042ce        0x2 
 .text._printf_i
                0x00000000080042d0      0x244 D:/STMIDE/STM32CubeIDE/plugins/com.st.stm32cube.ide.mcu.externaltools.gnu-tools-for-stm32.11.3.rel1.win32_1.1.100.202309141235/tools/bin/../lib/gcc/arm-none-eabi/11.3.1/../../../../arm-none-eabi/lib/thumb/v7e-m+fp/hard\libc_nano.a(libc_a-nano-vfprintf_i.o)
                0x00000000080042d0                _printf_i
 .text.memmove  0x0000000008004514       0x34 D:/STMIDE/STM32CubeIDE/plugins/com.st.stm32cube.ide.mcu.externaltools.gnu-tools-for-stm32.11.3.rel1.win32_1.1.100.202309141235/tools/bin/../lib/gcc/arm-none-eabi/11.3.1/../../../../arm-none-eabi/lib/thumb/v7e-m+fp/hard\libc_nano.a(libc_a-memmove.o)
                0x0000000008004514                memmove
 .text._sbrk_r  0x0000000008004548       0x20 D:/STMIDE/STM32CubeIDE/plugins/com.st.stm32cube.ide.mcu.externaltools.gnu-tools-for-stm32.11.3.rel1.win32_1.1.100.202309141235/tools/bin/../lib/gcc/arm-none-eabi/11.3.1/../../../../arm-none-eabi/lib/thumb/v7e-m+fp/hard\libc_nano.a(libc_a-sbrkr.o)
                0x0000000008004548                _sbrk_r
 .text.memcpy   0x0000000008004568       0x1c D:/STMIDE/STM32CubeIDE/plugins/com.st.stm32cube.ide.mcu.externaltools.gnu-tools-for-stm32.11.3.rel1.win32_1.1.100.202309141235/tools/bin/../lib/gcc/arm-none-eabi/11.3.1/../../../../arm-none-eabi/lib/thumb/v7e-m+fp/hard\libc_nano.a(libc_a-memcpy-stub.o)
                0x0000000008004568                memcpy
 .text._realloc_r
                0x0000000008004584       0x5e D:/STMIDE/STM32CubeIDE/plugins/com.st.stm32cube.ide.mcu.externaltools.gnu-tools-for-stm32.11.3.rel1.win32_1.1.100.202309141235/tools/bin/../lib/gcc/arm-none-eabi/11.3.1/../../../../arm-none-eabi/lib/thumb/v7e-m+fp/hard\libc_nano.a(libc_a-reallocr.o)
                0x0000000008004584                _realloc_r
 .text._malloc_usable_size_r
                0x00000000080045e2       0x10 D:/STMIDE/STM32CubeIDE/plugins/com.st.stm32cube.ide.mcu.externaltools.gnu-tools-for-stm32.11.3.rel1.win32_1.1.100.202309141235/tools/bin/../lib/gcc/arm-none-eabi/11.3.1/../../../../arm-none-eabi/lib/thumb/v7e-m+fp/hard\libc_nano.a(libc_a-msizer.o)
                0x00000000080045e2                _malloc_usable_size_r
 *(.glue_7)
 .glue_7        0x00000000080045f2        0x0 linker stubs
 *(.glue_7t)
 .glue_7t       0x00000000080045f2        0x0 linker stubs
 *(.eh_frame)
 *fill*         0x00000000080045f2        0x2 
 .eh_frame      0x00000000080045f4        0x0 D:/STMIDE/STM32CubeIDE/plugins/com.st.stm32cube.ide.mcu.externaltools.gnu-tools-for-stm32.11.3.rel1.win32_1.1.100.202309141235/tools/bin/../lib/gcc/arm-none-eabi/11.3.1/thumb/v7e-m+fp/hard/crtbegin.o
 *(.init)
 .init          0x00000000080045f4        0x4 D:/STMIDE/STM32CubeIDE/plugins/com.st.stm32cube.ide.mcu.externaltools.gnu-tools-for-stm32.11.3.rel1.win32_1.1.100.202309141235/tools/bin/../lib/gcc/arm-none-eabi/11.3.1/thumb/v7e-m+fp/hard/crti.o
                0x00000000080045f4                _init
 .init          0x00000000080045f8        0x8 D:/STMIDE/STM32CubeIDE/plugins/com.st.stm32cube.ide.mcu.externaltools.gnu-tools-for-stm32.11.3.rel1.win32_1.1.100.202309141235/tools/bin/../lib/gcc/arm-none-eabi/11.3.1/thumb/v7e-m+fp/hard/crtn.o
 *(.fini)
 .fini          0x0000000008004600        0x4 D:/STMIDE/STM32CubeIDE/plugins/com.st.stm32cube.ide.mcu.externaltools.gnu-tools-for-stm32.11.3.rel1.win32_1.1.100.202309141235/tools/bin/../lib/gcc/arm-none-eabi/11.3.1/thumb/v7e-m+fp/hard/crti.o
                0x0000000008004600                _fini
 .fini          0x0000000008004604        0x8 D:/STMIDE/STM32CubeIDE/plugins/com.st.stm32cube.ide.mcu.externaltools.gnu-tools-for-stm32.11.3.rel1.win32_1.1.100.202309141235/tools/bin/../lib/gcc/arm-none-eabi/11.3.1/thumb/v7e-m+fp/hard/crtn.o
                0x000000000800460c                . = ALIGN (0x4)
                0x000000000800460c                _etext = .

.vfp11_veneer   0x000000000800460c        0x0
 .vfp11_veneer  0x000000000800460c        0x0 linker stubs

.v4_bx          0x000000000800460c        0x0
 .v4_bx         0x000000000800460c        0x0 linker stubs

.iplt           0x000000000800460c        0x0
 .iplt          0x000000000800460c        0x0 D:/STMIDE/STM32CubeIDE/plugins/com.st.stm32cube.ide.mcu.externaltools.gnu-tools-for-stm32.11.3.rel1.win32_1.1.100.202309141235/tools/bin/../lib/gcc/arm-none-eabi/11.3.1/thumb/v7e-m+fp/hard/crtbegin.o

.rodata         0x000000000800460c      0xdb8
                0x000000000800460c                . = ALIGN (0x4)
 *(.rodata)
 .rodata        0x000000000800460c        0x9 ./Core/Src/main.o
 *fill*         0x0000000008004615        0x3 
 .rodata        0x0000000008004618        0x3 ./Core/Src/mlx90614.o
 *(.rodata*)
 *fill*         0x000000000800461b        0x1 
 .rodata.Font11x18
                0x000000000800461c      0xd5c ./Core/Src/fonts.o
                0x000000000800461c                Font11x18
 .rodata.AHBPrescTable
                0x0000000008005378       0x10 ./Core/Src/system_stm32f4xx.o
                0x0000000008005378                AHBPrescTable
 .rodata.APBPrescTable
                0x0000000008005388        0x8 ./Core/Src/system_stm32f4xx.o
                0x0000000008005388                APBPrescTable
 .rodata._svfprintf_r.str1.1
                0x0000000008005390       0x11 D:/STMIDE/STM32CubeIDE/plugins/com.st.stm32cube.ide.mcu.externaltools.gnu-tools-for-stm32.11.3.rel1.win32_1.1.100.202309141235/tools/bin/../lib/gcc/arm-none-eabi/11.3.1/../../../../arm-none-eabi/lib/thumb/v7e-m+fp/hard\libc_nano.a(libc_a-nano-svfprintf.o)
 .rodata._printf_i.str1.1
                0x00000000080053a1       0x22 D:/STMIDE/STM32CubeIDE/plugins/com.st.stm32cube.ide.mcu.externaltools.gnu-tools-for-stm32.11.3.rel1.win32_1.1.100.202309141235/tools/bin/../lib/gcc/arm-none-eabi/11.3.1/../../../../arm-none-eabi/lib/thumb/v7e-m+fp/hard\libc_nano.a(libc_a-nano-vfprintf_i.o)
                0x00000000080053c4                . = ALIGN (0x4)
 *fill*         0x00000000080053c3        0x1 

.ARM.extab      0x00000000080053c4        0x0
                0x00000000080053c4                . = ALIGN (0x4)
 *(.ARM.extab* .gnu.linkonce.armextab.*)
                0x00000000080053c4                . = ALIGN (0x4)

.ARM            0x00000000080053c4        0x8
                0x00000000080053c4                . = ALIGN (0x4)
                0x00000000080053c4                __exidx_start = .
 *(.ARM.exidx*)
 .ARM.exidx     0x00000000080053c4        0x8 D:/STMIDE/STM32CubeIDE/plugins/com.st.stm32cube.ide.mcu.externaltools.gnu-tools-for-stm32.11.3.rel1.win32_1.1.100.202309141235/tools/bin/../lib/gcc/arm-none-eabi/11.3.1/thumb/v7e-m+fp/hard\libgcc.a(_udivmoddi4.o)
                0x00000000080053cc                __exidx_end = .
                0x00000000080053cc                . = ALIGN (0x4)

.rel.dyn        0x00000000080053cc        0x0
 .rel.iplt      0x00000000080053cc        0x0 D:/STMIDE/STM32CubeIDE/plugins/com.st.stm32cube.ide.mcu.externaltools.gnu-tools-for-stm32.11.3.rel1.win32_1.1.100.202309141235/tools/bin/../lib/gcc/arm-none-eabi/11.3.1/thumb/v7e-m+fp/hard/crtbegin.o

.preinit_array  0x00000000080053cc        0x0
                0x00000000080053cc                . = ALIGN (0x4)
                0x00000000080053cc                PROVIDE (__preinit_array_start = .)
 *(.preinit_array*)
                0x00000000080053cc                PROVIDE (__preinit_array_end = .)
                0x00000000080053cc                . = ALIGN (0x4)

.init_array     0x00000000080053cc        0x4
                0x00000000080053cc                . = ALIGN (0x4)
                0x00000000080053cc                PROVIDE (__init_array_start = .)
 *(SORT_BY_NAME(.init_array.*))
 *(.init_array*)
 .init_array    0x00000000080053cc        0x4 D:/STMIDE/STM32CubeIDE/plugins/com.st.stm32cube.ide.mcu.externaltools.gnu-tools-for-stm32.11.3.rel1.win32_1.1.100.202309141235/tools/bin/../lib/gcc/arm-none-eabi/11.3.1/thumb/v7e-m+fp/hard/crtbegin.o
                0x00000000080053d0                PROVIDE (__init_array_end = .)
                0x00000000080053d0                . = ALIGN (0x4)

.fini_array     0x00000000080053d0        0x4
                0x00000000080053d0                . = ALIGN (0x4)
                [!provide]                        PROVIDE (__fini_array_start = .)
 *(SORT_BY_NAME(.fini_array.*))
 *(.fini_array*)
 .fini_array    0x00000000080053d0        0x4 D:/STMIDE/STM32CubeIDE/plugins/com.st.stm32cube.ide.mcu.externaltools.gnu-tools-for-stm32.11.3.rel1.win32_1.1.100.202309141235/tools/bin/../lib/gcc/arm-none-eabi/11.3.1/thumb/v7e-m+fp/hard/crtbegin.o
                [!provide]                        PROVIDE (__fini_array_end = .)
                0x00000000080053d4                . = ALIGN (0x4)
                0x00000000080053d4                _sidata = LOADADDR (.data)

.data           0x0000000020000000       0x64 load address 0x00000000080053d4
                0x0000000020000000                . = ALIGN (0x4)
                0x0000000020000000                _sdata = .
 *(.data)
 *(.data*)
 .data.Font_11x18
                0x0000000020000000        0x8 ./Core/Src/fonts.o
                0x0000000020000000                Font_11x18
 .data.SystemCoreClock
                0x0000000020000008        0x4 ./Core/Src/system_stm32f4xx.o
                0x0000000020000008                SystemCoreClock
 .data.uwTickPrio
                0x000000002000000c        0x4 ./Drivers/STM32F4xx_HAL_Driver/Src/stm32f4xx_hal.o
                0x000000002000000c                uwTickPrio
 .data.uwTickFreq
                0x0000000020000010        0x1 ./Drivers/STM32F4xx_HAL_Driver/Src/stm32f4xx_hal.o
                0x0000000020000010                uwTickFreq
 *fill*         0x0000000020000011        0x3 
 .data._impure_data
                0x0000000020000014       0x4c D:/STMIDE/STM32CubeIDE/plugins/com.st.stm32cube.ide.mcu.externaltools.gnu-tools-for-stm32.11.3.rel1.win32_1.1.100.202309141235/tools/bin/../lib/gcc/arm-none-eabi/11.3.1/../../../../arm-none-eabi/lib/thumb/v7e-m+fp/hard\libc_nano.a(libc_a-impure.o)
                0x0000000020000014                _impure_data
 .data._impure_ptr
                0x0000000020000060        0x4 D:/STMIDE/STM32CubeIDE/plugins/com.st.stm32cube.ide.mcu.externaltools.gnu-tools-for-stm32.11.3.rel1.win32_1.1.100.202309141235/tools/bin/../lib/gcc/arm-none-eabi/11.3.1/../../../../arm-none-eabi/lib/thumb/v7e-m+fp/hard\libc_nano.a(libc_a-impure.o)
                0x0000000020000060                _impure_ptr
 *(.RamFunc)
 *(.RamFunc*)
                0x0000000020000064                . = ALIGN (0x4)
                0x0000000020000064                _edata = .

.igot.plt       0x0000000020000064        0x0 load address 0x0000000008005438
 .igot.plt      0x0000000020000064        0x0 D:/STMIDE/STM32CubeIDE/plugins/com.st.stm32cube.ide.mcu.externaltools.gnu-tools-for-stm32.11.3.rel1.win32_1.1.100.202309141235/tools/bin/../lib/gcc/arm-none-eabi/11.3.1/thumb/v7e-m+fp/hard/crtbegin.o
                0x0000000020000064                . = ALIGN (0x4)

.bss            0x0000000020000064      0x664 load address 0x0000000008005438
                0x0000000020000064                _sbss = .
                0x0000000020000064                __bss_start__ = _sbss
 *(.bss)
 .bss           0x0000000020000064       0x1c D:/STMIDE/STM32CubeIDE/plugins/com.st.stm32cube.ide.mcu.externaltools.gnu-tools-for-stm32.11.3.rel1.win32_1.1.100.202309141235/tools/bin/../lib/gcc/arm-none-eabi/11.3.1/thumb/v7e-m+fp/hard/crtbegin.o
 *(.bss*)
 .bss.hi2c1     0x0000000020000080       0x54 ./Core/Src/main.o
                0x0000000020000080                hi2c1
 .bss.hi2c2     0x00000000200000d4       0x54 ./Core/Src/main.o
                0x00000000200000d4                hi2c2
 .bss.huart2    0x0000000020000128       0x48 ./Core/Src/main.o
                0x0000000020000128                huart2
 .bss.SSD1306_Buffer
                0x0000000020000170      0x400 ./Core/Src/ssd1306.o
 .bss.SSD1306   0x0000000020000570        0x6 ./Core/Src/ssd1306.o
 *fill*         0x0000000020000576        0x2 
 .bss.__sbrk_heap_end
                0x0000000020000578        0x4 ./Core/Src/sysmem.o
 .bss.uwTick    0x000000002000057c        0x4 ./Drivers/STM32F4xx_HAL_Driver/Src/stm32f4xx_hal.o
                0x000000002000057c                uwTick
 .bss.__sf      0x0000000020000580      0x138 D:/STMIDE/STM32CubeIDE/plugins/com.st.stm32cube.ide.mcu.externaltools.gnu-tools-for-stm32.11.3.rel1.win32_1.1.100.202309141235/tools/bin/../lib/gcc/arm-none-eabi/11.3.1/../../../../arm-none-eabi/lib/thumb/v7e-m+fp/hard\libc_nano.a(libc_a-findfp.o)
                0x0000000020000580                __sf
 .bss.errno     0x00000000200006b8        0x4 D:/STMIDE/STM32CubeIDE/plugins/com.st.stm32cube.ide.mcu.externaltools.gnu-tools-for-stm32.11.3.rel1.win32_1.1.100.202309141235/tools/bin/../lib/gcc/arm-none-eabi/11.3.1/../../../../arm-none-eabi/lib/thumb/v7e-m+fp/hard\libc_nano.a(libc_a-reent.o)
                0x00000000200006b8                errno
 .bss.__lock___malloc_recursive_mutex
                0x00000000200006bc        0x1 D:/STMIDE/STM32CubeIDE/plugins/com.st.stm32cube.ide.mcu.externaltools.gnu-tools-for-stm32.11.3.rel1.win32_1.1.100.202309141235/tools/bin/../lib/gcc/arm-none-eabi/11.3.1/../../../../arm-none-eabi/lib/thumb/v7e-m+fp/hard\libc_nano.a(libc_a-lock.o)
                0x00000000200006bc                __lock___malloc_recursive_mutex
 *fill*         0x00000000200006bd        0x3 
 .bss.__malloc_free_list
                0x00000000200006c0        0x4 D:/STMIDE/STM32CubeIDE/plugins/com.st.stm32cube.ide.mcu.externaltools.gnu-tools-for-stm32.11.3.rel1.win32_1.1.100.202309141235/tools/bin/../lib/gcc/arm-none-eabi/11.3.1/../../../../arm-none-eabi/lib/thumb/v7e-m+fp/hard\libc_nano.a(libc_a-mallocr.o)
                0x00000000200006c0                __malloc_free_list
 .bss.__malloc_sbrk_start
                0x00000000200006c4        0x4 D:/STMIDE/STM32CubeIDE/plugins/com.st.stm32cube.ide.mcu.externaltools.gnu-tools-for-stm32.11.3.rel1.win32_1.1.100.202309141235/tools/bin/../lib/gcc/arm-none-eabi/11.3.1/../../../../arm-none-eabi/lib/thumb/v7e-m+fp/hard\libc_nano.a(libc_a-mallocr.o)
                0x00000000200006c4                __malloc_sbrk_start
 *(COMMON)
                0x00000000200006c8                . = ALIGN (0x4)
                0x00000000200006c8                _ebss = .
                0x00000000200006c8                __bss_end__ = _ebss

._user_heap_stack
                0x00000000200006c8      0x600 load address 0x0000000008005438
                0x00000000200006c8                . = ALIGN (0x8)
                [!provide]                        PROVIDE (end = .)
                0x00000000200006c8                PROVIDE (_end = .)
                0x00000000200008c8                . = (. + _Min_Heap_Size)
 *fill*         0x00000000200006c8      0x200 
                0x0000000020000cc8                . = (. + _Min_Stack_Size)
 *fill*         0x00000000200008c8      0x400 
                0x0000000020000cc8                . = ALIGN (0x8)

/DISCARD/
 libc.a(*)
 libm.a(*)
 libgcc.a(*)

.ARM.attributes
                0x0000000000000000       0x30
 *(.ARM.attributes)
 .ARM.attributes
                0x0000000000000000       0x1e D:/STMIDE/STM32CubeIDE/plugins/com.st.stm32cube.ide.mcu.externaltools.gnu-tools-for-stm32.11.3.rel1.win32_1.1.100.202309141235/tools/bin/../lib/gcc/arm-none-eabi/11.3.1/thumb/v7e-m+fp/hard/crti.o
 .ARM.attributes
                0x000000000000001e       0x34 D:/STMIDE/STM32CubeIDE/plugins/com.st.stm32cube.ide.mcu.externaltools.gnu-tools-for-stm32.11.3.rel1.win32_1.1.100.202309141235/tools/bin/../lib/gcc/arm-none-eabi/11.3.1/thumb/v7e-m+fp/hard/crtbegin.o
 .ARM.attributes
                0x0000000000000052       0x34 ./Core/Src/fonts.o
 .ARM.attributes
                0x0000000000000086       0x34 ./Core/Src/main.o
 .ARM.attributes
                0x00000000000000ba       0x34 ./Core/Src/mlx90614.o
 .ARM.attributes
                0x00000000000000ee       0x34 ./Core/Src/ssd1306.o
 .ARM.attributes
                0x0000000000000122       0x34 ./Core/Src/stm32f4xx_hal_msp.o
 .ARM.attributes
                0x0000000000000156       0x34 ./Core/Src/stm32f4xx_it.o
 .ARM.attributes
                0x000000000000018a       0x34 ./Core/Src/sysmem.o
 .ARM.attributes
                0x00000000000001be       0x34 ./Core/Src/system_stm32f4xx.o
 .ARM.attributes
                0x00000000000001f2       0x21 ./Core/Startup/startup_stm32f446retx.o
 .ARM.attributes
                0x0000000000000213       0x34 ./Drivers/STM32F4xx_HAL_Driver/Src/stm32f4xx_hal.o
 .ARM.attributes
                0x0000000000000247       0x34 ./Drivers/STM32F4xx_HAL_Driver/Src/stm32f4xx_hal_cortex.o
 .ARM.attributes
                0x000000000000027b       0x34 ./Drivers/STM32F4xx_HAL_Driver/Src/stm32f4xx_hal_gpio.o
 .ARM.attributes
                0x00000000000002af       0x34 ./Drivers/STM32F4xx_HAL_Driver/Src/stm32f4xx_hal_i2c.o
 .ARM.attributes
                0x00000000000002e3       0x34 ./Drivers/STM32F4xx_HAL_Driver/Src/stm32f4xx_hal_rcc.o
 .ARM.attributes
                0x0000000000000317       0x34 ./Drivers/STM32F4xx_HAL_Driver/Src/stm32f4xx_hal_rcc_ex.o
 .ARM.attributes
                0x000000000000034b       0x34 ./Drivers/STM32F4xx_HAL_Driver/Src/stm32f4xx_hal_uart.o
 .ARM.attributes
                0x000000000000037f       0x34 D:/STMIDE/STM32CubeIDE/plugins/com.st.stm32cube.ide.mcu.externaltools.gnu-tools-for-stm32.11.3.rel1.win32_1.1.100.202309141235/tools/bin/../lib/gcc/arm-none-eabi/11.3.1/../../../../arm-none-eabi/lib/thumb/v7e-m+fp/hard\libc_nano.a(libc_a-findfp.o)
 .ARM.attributes
                0x00000000000003b3       0x34 D:/STMIDE/STM32CubeIDE/plugins/com.st.stm32cube.ide.mcu.externaltools.gnu-tools-for-stm32.11.3.rel1.win32_1.1.100.202309141235/tools/bin/../lib/gcc/arm-none-eabi/11.3.1/../../../../arm-none-eabi/lib/thumb/v7e-m+fp/hard\libc_nano.a(libc_a-sprintf.o)
 .ARM.attributes
                0x00000000000003e7       0x34 D:/STMIDE/STM32CubeIDE/plugins/com.st.stm32cube.ide.mcu.externaltools.gnu-tools-for-stm32.11.3.rel1.win32_1.1.100.202309141235/tools/bin/../lib/gcc/arm-none-eabi/11.3.1/../../../../arm-none-eabi/lib/thumb/v7e-m+fp/hard\libc_nano.a(libc_a-memset.o)
 .ARM.attributes
                0x000000000000041b       0x34 D:/STMIDE/STM32CubeIDE/plugins/com.st.stm32cube.ide.mcu.externaltools.gnu-tools-for-stm32.11.3.rel1.win32_1.1.100.202309141235/tools/bin/../lib/gcc/arm-none-eabi/11.3.1/../../../../arm-none-eabi/lib/thumb/v7e-m+fp/hard\libc_nano.a(libc_a-reent.o)
 .ARM.attributes
                0x000000000000044f       0x34 D:/STMIDE/STM32CubeIDE/plugins/com.st.stm32cube.ide.mcu.externaltools.gnu-tools-for-stm32.11.3.rel1.win32_1.1.100.202309141235/tools/bin/../lib/gcc/arm-none-eabi/11.3.1/../../../../arm-none-eabi/lib/thumb/v7e-m+fp/hard\libc_nano.a(libc_a-impure.o)
 .ARM.attributes
                0x0000000000000483       0x34 D:/STMIDE/STM32CubeIDE/plugins/com.st.stm32cube.ide.mcu.externaltools.gnu-tools-for-stm32.11.3.rel1.win32_1.1.100.202309141235/tools/bin/../lib/gcc/arm-none-eabi/11.3.1/../../../../arm-none-eabi/lib/thumb/v7e-m+fp/hard\libc_nano.a(libc_a-errno.o)
 .ARM.attributes
                0x00000000000004b7       0x34 D:/STMIDE/STM32CubeIDE/plugins/com.st.stm32cube.ide.mcu.externaltools.gnu-tools-for-stm32.11.3.rel1.win32_1.1.100.202309141235/tools/bin/../lib/gcc/arm-none-eabi/11.3.1/../../../../arm-none-eabi/lib/thumb/v7e-m+fp/hard\libc_nano.a(libc_a-init.o)
 .ARM.attributes
                0x00000000000004eb       0x34 D:/STMIDE/STM32CubeIDE/plugins/com.st.stm32cube.ide.mcu.externaltools.gnu-tools-for-stm32.11.3.rel1.win32_1.1.100.202309141235/tools/bin/../lib/gcc/arm-none-eabi/11.3.1/../../../../arm-none-eabi/lib/thumb/v7e-m+fp/hard\libc_nano.a(libc_a-lock.o)
 .ARM.attributes
                0x000000000000051f       0x34 D:/STMIDE/STM32CubeIDE/plugins/com.st.stm32cube.ide.mcu.externaltools.gnu-tools-for-stm32.11.3.rel1.win32_1.1.100.202309141235/tools/bin/../lib/gcc/arm-none-eabi/11.3.1/../../../../arm-none-eabi/lib/thumb/v7e-m+fp/hard\libc_nano.a(libc_a-freer.o)
 .ARM.attributes
                0x0000000000000553       0x34 D:/STMIDE/STM32CubeIDE/plugins/com.st.stm32cube.ide.mcu.externaltools.gnu-tools-for-stm32.11.3.rel1.win32_1.1.100.202309141235/tools/bin/../lib/gcc/arm-none-eabi/11.3.1/../../../../arm-none-eabi/lib/thumb/v7e-m+fp/hard\libc_nano.a(libc_a-mallocr.o)
 .ARM.attributes
                0x0000000000000587       0x34 D:/STMIDE/STM32CubeIDE/plugins/com.st.stm32cube.ide.mcu.externaltools.gnu-tools-for-stm32.11.3.rel1.win32_1.1.100.202309141235/tools/bin/../lib/gcc/arm-none-eabi/11.3.1/../../../../arm-none-eabi/lib/thumb/v7e-m+fp/hard\libc_nano.a(libc_a-mlock.o)
 .ARM.attributes
                0x00000000000005bb       0x34 D:/STMIDE/STM32CubeIDE/plugins/com.st.stm32cube.ide.mcu.externaltools.gnu-tools-for-stm32.11.3.rel1.win32_1.1.100.202309141235/tools/bin/../lib/gcc/arm-none-eabi/11.3.1/../../../../arm-none-eabi/lib/thumb/v7e-m+fp/hard\libc_nano.a(libc_a-nano-svfprintf.o)
 .ARM.attributes
                0x00000000000005ef       0x34 D:/STMIDE/STM32CubeIDE/plugins/com.st.stm32cube.ide.mcu.externaltools.gnu-tools-for-stm32.11.3.rel1.win32_1.1.100.202309141235/tools/bin/../lib/gcc/arm-none-eabi/11.3.1/../../../../arm-none-eabi/lib/thumb/v7e-m+fp/hard\libc_nano.a(libc_a-nano-vfprintf_i.o)
 .ARM.attributes
                0x0000000000000623       0x34 D:/STMIDE/STM32CubeIDE/plugins/com.st.stm32cube.ide.mcu.externaltools.gnu-tools-for-stm32.11.3.rel1.win32_1.1.100.202309141235/tools/bin/../lib/gcc/arm-none-eabi/11.3.1/../../../../arm-none-eabi/lib/thumb/v7e-m+fp/hard\libc_nano.a(libc_a-memmove.o)
 .ARM.attributes
                0x0000000000000657       0x34 D:/STMIDE/STM32CubeIDE/plugins/com.st.stm32cube.ide.mcu.externaltools.gnu-tools-for-stm32.11.3.rel1.win32_1.1.100.202309141235/tools/bin/../lib/gcc/arm-none-eabi/11.3.1/../../../../arm-none-eabi/lib/thumb/v7e-m+fp/hard\libc_nano.a(libc_a-sbrkr.o)
 .ARM.attributes
                0x000000000000068b       0x1c D:/STMIDE/STM32CubeIDE/plugins/com.st.stm32cube.ide.mcu.externaltools.gnu-tools-for-stm32.11.3.rel1.win32_1.1.100.202309141235/tools/bin/../lib/gcc/arm-none-eabi/11.3.1/../../../../arm-none-eabi/lib/thumb/v7e-m+fp/hard\libc_nano.a(libc_a-memchr.o)
 .ARM.attributes
                0x00000000000006a7       0x34 D:/STMIDE/STM32CubeIDE/plugins/com.st.stm32cube.ide.mcu.externaltools.gnu-tools-for-stm32.11.3.rel1.win32_1.1.100.202309141235/tools/bin/../lib/gcc/arm-none-eabi/11.3.1/../../../../arm-none-eabi/lib/thumb/v7e-m+fp/hard\libc_nano.a(libc_a-memcpy-stub.o)
 .ARM.attributes
                0x00000000000006db       0x34 D:/STMIDE/STM32CubeIDE/plugins/com.st.stm32cube.ide.mcu.externaltools.gnu-tools-for-stm32.11.3.rel1.win32_1.1.100.202309141235/tools/bin/../lib/gcc/arm-none-eabi/11.3.1/../../../../arm-none-eabi/lib/thumb/v7e-m+fp/hard\libc_nano.a(libc_a-reallocr.o)
 .ARM.attributes
                0x000000000000070f       0x34 D:/STMIDE/STM32CubeIDE/plugins/com.st.stm32cube.ide.mcu.externaltools.gnu-tools-for-stm32.11.3.rel1.win32_1.1.100.202309141235/tools/bin/../lib/gcc/arm-none-eabi/11.3.1/../../../../arm-none-eabi/lib/thumb/v7e-m+fp/hard\libc_nano.a(libc_a-msizer.o)
 .ARM.attributes
                0x0000000000000743       0x1e D:/STMIDE/STM32CubeIDE/plugins/com.st.stm32cube.ide.mcu.externaltools.gnu-tools-for-stm32.11.3.rel1.win32_1.1.100.202309141235/tools/bin/../lib/gcc/arm-none-eabi/11.3.1/thumb/v7e-m+fp/hard\libgcc.a(_aeabi_uldivmod.o)
 .ARM.attributes
                0x0000000000000761       0x34 D:/STMIDE/STM32CubeIDE/plugins/com.st.stm32cube.ide.mcu.externaltools.gnu-tools-for-stm32.11.3.rel1.win32_1.1.100.202309141235/tools/bin/../lib/gcc/arm-none-eabi/11.3.1/thumb/v7e-m+fp/hard\libgcc.a(_udivmoddi4.o)
 .ARM.attributes
                0x0000000000000795       0x1e D:/STMIDE/STM32CubeIDE/plugins/com.st.stm32cube.ide.mcu.externaltools.gnu-tools-for-stm32.11.3.rel1.win32_1.1.100.202309141235/tools/bin/../lib/gcc/arm-none-eabi/11.3.1/thumb/v7e-m+fp/hard\libgcc.a(_dvmd_tls.o)
 .ARM.attributes
                0x00000000000007b3       0x1e D:/STMIDE/STM32CubeIDE/plugins/com.st.stm32cube.ide.mcu.externaltools.gnu-tools-for-stm32.11.3.rel1.win32_1.1.100.202309141235/tools/bin/../lib/gcc/arm-none-eabi/11.3.1/thumb/v7e-m+fp/hard/crtn.o
OUTPUT(MLX90614_OLED.elf elf32-littlearm)
LOAD linker stubs
LOAD D:/STMIDE/STM32CubeIDE/plugins/com.st.stm32cube.ide.mcu.externaltools.gnu-tools-for-stm32.11.3.rel1.win32_1.1.100.202309141235/tools/bin/../lib/gcc/arm-none-eabi/11.3.1/../../../../arm-none-eabi/lib/thumb/v7e-m+fp/hard\libc.a
LOAD D:/STMIDE/STM32CubeIDE/plugins/com.st.stm32cube.ide.mcu.externaltools.gnu-tools-for-stm32.11.3.rel1.win32_1.1.100.202309141235/tools/bin/../lib/gcc/arm-none-eabi/11.3.1/../../../../arm-none-eabi/lib/thumb/v7e-m+fp/hard\libm.a
LOAD D:/STMIDE/STM32CubeIDE/plugins/com.st.stm32cube.ide.mcu.externaltools.gnu-tools-for-stm32.11.3.rel1.win32_1.1.100.202309141235/tools/bin/../lib/gcc/arm-none-eabi/11.3.1/thumb/v7e-m+fp/hard\libgcc.a

.comment        0x0000000000000000       0x43
 .comment       0x0000000000000000       0x43 D:/STMIDE/STM32CubeIDE/plugins/com.st.stm32cube.ide.mcu.externaltools.gnu-tools-for-stm32.11.3.rel1.win32_1.1.100.202309141235/tools/bin/../lib/gcc/arm-none-eabi/11.3.1/thumb/v7e-m+fp/hard/crtbegin.o
                                         0x44 (size before relaxing)
 .comment       0x0000000000000043       0x44 ./Core/Src/fonts.o
 .comment       0x0000000000000043       0x44 ./Core/Src/main.o
 .comment       0x0000000000000043       0x44 ./Core/Src/mlx90614.o
 .comment       0x0000000000000043       0x44 ./Core/Src/ssd1306.o
 .comment       0x0000000000000043       0x44 ./Core/Src/stm32f4xx_hal_msp.o
 .comment       0x0000000000000043       0x44 ./Core/Src/stm32f4xx_it.o
 .comment       0x0000000000000043       0x44 ./Core/Src/sysmem.o
 .comment       0x0000000000000043       0x44 ./Core/Src/system_stm32f4xx.o
 .comment       0x0000000000000043       0x44 ./Drivers/STM32F4xx_HAL_Driver/Src/stm32f4xx_hal.o
 .comment       0x0000000000000043       0x44 ./Drivers/STM32F4xx_HAL_Driver/Src/stm32f4xx_hal_cortex.o
 .comment       0x0000000000000043       0x44 ./Drivers/STM32F4xx_HAL_Driver/Src/stm32f4xx_hal_gpio.o
 .comment       0x0000000000000043       0x44 ./Drivers/STM32F4xx_HAL_Driver/Src/stm32f4xx_hal_i2c.o
 .comment       0x0000000000000043       0x44 ./Drivers/STM32F4xx_HAL_Driver/Src/stm32f4xx_hal_rcc.o
 .comment       0x0000000000000043       0x44 ./Drivers/STM32F4xx_HAL_Driver/Src/stm32f4xx_hal_rcc_ex.o
 .comment       0x0000000000000043       0x44 ./Drivers/STM32F4xx_HAL_Driver/Src/stm32f4xx_hal_uart.o

.debug_info     0x0000000000000000     0xc24a
 .debug_info    0x0000000000000000      0x255 ./Core/Src/fonts.o
 .debug_info    0x0000000000000255     0x1063 ./Core/Src/main.o
 .debug_info    0x00000000000012b8      0x6bd ./Core/Src/mlx90614.o
 .debug_info    0x0000000000001975     0x1081 ./Core/Src/ssd1306.o
 .debug_info    0x00000000000029f6      0xca0 ./Core/Src/stm32f4xx_hal_msp.o
 .debug_info    0x0000000000003696      0x112 ./Core/Src/stm32f4xx_it.o
 .debug_info    0x00000000000037a8      0x168 ./Core/Src/sysmem.o
 .debug_info    0x0000000000003910      0x54a ./Core/Src/system_stm32f4xx.o
 .debug_info    0x0000000000003e5a       0x23 ./Core/Startup/startup_stm32f446retx.o
 .debug_info    0x0000000000003e7d      0x99a ./Drivers/STM32F4xx_HAL_Driver/Src/stm32f4xx_hal.o
 .debug_info    0x0000000000004817      0xd75 ./Drivers/STM32F4xx_HAL_Driver/Src/stm32f4xx_hal_cortex.o
 .debug_info    0x000000000000558c      0x70b ./Drivers/STM32F4xx_HAL_Driver/Src/stm32f4xx_hal_gpio.o
 .debug_info    0x0000000000005c97     0x2421 ./Drivers/STM32F4xx_HAL_Driver/Src/stm32f4xx_hal_i2c.o
 .debug_info    0x00000000000080b8      0x8ed ./Drivers/STM32F4xx_HAL_Driver/Src/stm32f4xx_hal_rcc.o
 .debug_info    0x00000000000089a5      0x956 ./Drivers/STM32F4xx_HAL_Driver/Src/stm32f4xx_hal_rcc_ex.o
 .debug_info    0x00000000000092fb     0x2f4f ./Drivers/STM32F4xx_HAL_Driver/Src/stm32f4xx_hal_uart.o

.debug_abbrev   0x0000000000000000     0x1e04
 .debug_abbrev  0x0000000000000000      0x11c ./Core/Src/fonts.o
 .debug_abbrev  0x000000000000011c      0x2b2 ./Core/Src/main.o
 .debug_abbrev  0x00000000000003ce      0x181 ./Core/Src/mlx90614.o
 .debug_abbrev  0x000000000000054f      0x30d ./Core/Src/ssd1306.o
 .debug_abbrev  0x000000000000085c      0x1c2 ./Core/Src/stm32f4xx_hal_msp.o
 .debug_abbrev  0x0000000000000a1e       0x73 ./Core/Src/stm32f4xx_it.o
 .debug_abbrev  0x0000000000000a91       0xbc ./Core/Src/sysmem.o
 .debug_abbrev  0x0000000000000b4d      0x11a ./Core/Src/system_stm32f4xx.o
 .debug_abbrev  0x0000000000000c67       0x12 ./Core/Startup/startup_stm32f446retx.o
 .debug_abbrev  0x0000000000000c79      0x214 ./Drivers/STM32F4xx_HAL_Driver/Src/stm32f4xx_hal.o
 .debug_abbrev  0x0000000000000e8d      0x328 ./Drivers/STM32F4xx_HAL_Driver/Src/stm32f4xx_hal_cortex.o
 .debug_abbrev  0x00000000000011b5      0x1d4 ./Drivers/STM32F4xx_HAL_Driver/Src/stm32f4xx_hal_gpio.o
 .debug_abbrev  0x0000000000001389      0x2ad ./Drivers/STM32F4xx_HAL_Driver/Src/stm32f4xx_hal_i2c.o
 .debug_abbrev  0x0000000000001636      0x2b6 ./Drivers/STM32F4xx_HAL_Driver/Src/stm32f4xx_hal_rcc.o
 .debug_abbrev  0x00000000000018ec      0x20a ./Drivers/STM32F4xx_HAL_Driver/Src/stm32f4xx_hal_rcc_ex.o
 .debug_abbrev  0x0000000000001af6      0x30e ./Drivers/STM32F4xx_HAL_Driver/Src/stm32f4xx_hal_uart.o

.debug_aranges  0x0000000000000000      0xab8
 .debug_aranges
                0x0000000000000000       0x20 ./Core/Src/fonts.o
 .debug_aranges
                0x0000000000000020       0x50 ./Core/Src/main.o
 .debug_aranges
                0x0000000000000070       0x28 ./Core/Src/mlx90614.o
 .debug_aranges
                0x0000000000000098       0xf8 ./Core/Src/ssd1306.o
 .debug_aranges
                0x0000000000000190       0x40 ./Core/Src/stm32f4xx_hal_msp.o
 .debug_aranges
                0x00000000000001d0       0x60 ./Core/Src/stm32f4xx_it.o
 .debug_aranges
                0x0000000000000230       0x20 ./Core/Src/sysmem.o
 .debug_aranges
                0x0000000000000250       0x28 ./Core/Src/system_stm32f4xx.o
 .debug_aranges
                0x0000000000000278       0x28 ./Core/Startup/startup_stm32f446retx.o
 .debug_aranges
                0x00000000000002a0       0xf0 ./Drivers/STM32F4xx_HAL_Driver/Src/stm32f4xx_hal.o
 .debug_aranges
                0x0000000000000390      0x120 ./Drivers/STM32F4xx_HAL_Driver/Src/stm32f4xx_hal_cortex.o
 .debug_aranges
                0x00000000000004b0       0x58 ./Drivers/STM32F4xx_HAL_Driver/Src/stm32f4xx_hal_gpio.o
 .debug_aranges
                0x0000000000000508      0x2a8 ./Drivers/STM32F4xx_HAL_Driver/Src/stm32f4xx_hal_i2c.o
 .debug_aranges
                0x00000000000007b0       0x88 ./Drivers/STM32F4xx_HAL_Driver/Src/stm32f4xx_hal_rcc.o
 .debug_aranges
                0x0000000000000838       0x78 ./Drivers/STM32F4xx_HAL_Driver/Src/stm32f4xx_hal_rcc_ex.o
 .debug_aranges
                0x00000000000008b0      0x208 ./Drivers/STM32F4xx_HAL_Driver/Src/stm32f4xx_hal_uart.o

.debug_rnglists
                0x0000000000000000      0x85d
 .debug_rnglists
                0x0000000000000000       0x13 ./Core/Src/fonts.o
 .debug_rnglists
                0x0000000000000013       0x3a ./Core/Src/main.o
 .debug_rnglists
                0x000000000000004d       0x1a ./Core/Src/mlx90614.o
 .debug_rnglists
                0x0000000000000067       0xc2 ./Core/Src/ssd1306.o
 .debug_rnglists
                0x0000000000000129       0x2d ./Core/Src/stm32f4xx_hal_msp.o
 .debug_rnglists
                0x0000000000000156       0x43 ./Core/Src/stm32f4xx_it.o
 .debug_rnglists
                0x0000000000000199       0x13 ./Core/Src/sysmem.o
 .debug_rnglists
                0x00000000000001ac       0x1a ./Core/Src/system_stm32f4xx.o
 .debug_rnglists
                0x00000000000001c6       0x19 ./Core/Startup/startup_stm32f446retx.o
 .debug_rnglists
                0x00000000000001df       0xaf ./Drivers/STM32F4xx_HAL_Driver/Src/stm32f4xx_hal.o
 .debug_rnglists
                0x000000000000028e       0xd4 ./Drivers/STM32F4xx_HAL_Driver/Src/stm32f4xx_hal_cortex.o
 .debug_rnglists
                0x0000000000000362       0x3f ./Drivers/STM32F4xx_HAL_Driver/Src/stm32f4xx_hal_gpio.o
 .debug_rnglists
                0x00000000000003a1      0x23c ./Drivers/STM32F4xx_HAL_Driver/Src/stm32f4xx_hal_i2c.o
 .debug_rnglists
                0x00000000000005dd       0x66 ./Drivers/STM32F4xx_HAL_Driver/Src/stm32f4xx_hal_rcc.o
 .debug_rnglists
                0x0000000000000643       0x5e ./Drivers/STM32F4xx_HAL_Driver/Src/stm32f4xx_hal_rcc_ex.o
 .debug_rnglists
                0x00000000000006a1      0x1bc ./Drivers/STM32F4xx_HAL_Driver/Src/stm32f4xx_hal_uart.o

.debug_macro    0x0000000000000000    0x21def
 .debug_macro   0x0000000000000000      0x2ab ./Core/Src/fonts.o
 .debug_macro   0x00000000000002ab      0xaa8 ./Core/Src/fonts.o
 .debug_macro   0x0000000000000d53      0x29b ./Core/Src/fonts.o
 .debug_macro   0x0000000000000fee       0x2e ./Core/Src/fonts.o
 .debug_macro   0x000000000000101c       0x28 ./Core/Src/fonts.o
 .debug_macro   0x0000000000001044       0x22 ./Core/Src/fonts.o
 .debug_macro   0x0000000000001066       0x8e ./Core/Src/fonts.o
 .debug_macro   0x00000000000010f4       0x51 ./Core/Src/fonts.o
 .debug_macro   0x0000000000001145      0x103 ./Core/Src/fonts.o
 .debug_macro   0x0000000000001248       0x6a ./Core/Src/fonts.o
 .debug_macro   0x00000000000012b2      0x1df ./Core/Src/fonts.o
 .debug_macro   0x0000000000001491       0x1c ./Core/Src/fonts.o
 .debug_macro   0x00000000000014ad       0x22 ./Core/Src/fonts.o
 .debug_macro   0x00000000000014cf       0xfb ./Core/Src/fonts.o
 .debug_macro   0x00000000000015ca     0x1011 ./Core/Src/fonts.o
 .debug_macro   0x00000000000025db      0x11f ./Core/Src/fonts.o
 .debug_macro   0x00000000000026fa    0x16749 ./Core/Src/fonts.o
 .debug_macro   0x0000000000018e43       0x6d ./Core/Src/fonts.o
 .debug_macro   0x0000000000018eb0     0x368c ./Core/Src/fonts.o
 .debug_macro   0x000000000001c53c      0x174 ./Core/Src/fonts.o
 .debug_macro   0x000000000001c6b0       0x5c ./Core/Src/fonts.o
 .debug_macro   0x000000000001c70c      0xca5 ./Core/Src/fonts.o
 .debug_macro   0x000000000001d3b1      0x9e9 ./Core/Src/fonts.o
 .debug_macro   0x000000000001dd9a      0x115 ./Core/Src/fonts.o
 .debug_macro   0x000000000001deaf      0x1a0 ./Core/Src/fonts.o
 .debug_macro   0x000000000001e04f       0xa5 ./Core/Src/fonts.o
 .debug_macro   0x000000000001e0f4      0x16d ./Core/Src/fonts.o
 .debug_macro   0x000000000001e261      0x287 ./Core/Src/fonts.o
 .debug_macro   0x000000000001e4e8       0x5f ./Core/Src/fonts.o
 .debug_macro   0x000000000001e547      0x236 ./Core/Src/fonts.o
 .debug_macro   0x000000000001e77d      0x132 ./Core/Src/fonts.o
 .debug_macro   0x000000000001e8af      0x29c ./Core/Src/fonts.o
 .debug_macro   0x000000000001eb4b       0x2e ./Core/Src/fonts.o
 .debug_macro   0x000000000001eb79      0x1b5 ./Core/Src/fonts.o
 .debug_macro   0x000000000001ed2e       0x22 ./Core/Src/fonts.o
 .debug_macro   0x000000000001ed50       0xd6 ./Core/Src/fonts.o
 .debug_macro   0x000000000001ee26      0x127 ./Core/Src/fonts.o
 .debug_macro   0x000000000001ef4d       0xe8 ./Core/Src/fonts.o
 .debug_macro   0x000000000001f035       0x89 ./Core/Src/fonts.o
 .debug_macro   0x000000000001f0be      0x2aa ./Core/Src/fonts.o
 .debug_macro   0x000000000001f368      0x126 ./Core/Src/fonts.o
 .debug_macro   0x000000000001f48e       0x61 ./Core/Src/fonts.o
 .debug_macro   0x000000000001f4ef       0x2a ./Core/Src/fonts.o
 .debug_macro   0x000000000001f519       0x43 ./Core/Src/fonts.o
 .debug_macro   0x000000000001f55c       0x34 ./Core/Src/fonts.o
 .debug_macro   0x000000000001f590       0x16 ./Core/Src/fonts.o
 .debug_macro   0x000000000001f5a6       0x43 ./Core/Src/fonts.o
 .debug_macro   0x000000000001f5e9       0x34 ./Core/Src/fonts.o
 .debug_macro   0x000000000001f61d       0x10 ./Core/Src/fonts.o
 .debug_macro   0x000000000001f62d       0x58 ./Core/Src/fonts.o
 .debug_macro   0x000000000001f685       0x8e ./Core/Src/fonts.o
 .debug_macro   0x000000000001f713       0x1c ./Core/Src/fonts.o
 .debug_macro   0x000000000001f72f      0x177 ./Core/Src/fonts.o
 .debug_macro   0x000000000001f8a6      0x369 ./Core/Src/fonts.o
 .debug_macro   0x000000000001fc0f       0x10 ./Core/Src/fonts.o
 .debug_macro   0x000000000001fc1f       0x35 ./Core/Src/fonts.o
 .debug_macro   0x000000000001fc54       0x20 ./Core/Src/fonts.o
 .debug_macro   0x000000000001fc74      0x348 ./Core/Src/main.o
 .debug_macro   0x000000000001ffbc       0x58 ./Core/Src/main.o
 .debug_macro   0x0000000000020014       0x16 ./Core/Src/main.o
 .debug_macro   0x000000000002002a       0x16 ./Core/Src/main.o
 .debug_macro   0x0000000000020040       0x29 ./Core/Src/main.o
 .debug_macro   0x0000000000020069       0x1d ./Core/Src/main.o
 .debug_macro   0x0000000000020086       0x1c ./Core/Src/main.o
 .debug_macro   0x00000000000200a2       0x1c ./Core/Src/main.o
 .debug_macro   0x00000000000200be       0x10 ./Core/Src/main.o
 .debug_macro   0x00000000000200ce       0x1c ./Core/Src/main.o
 .debug_macro   0x00000000000200ea       0x16 ./Core/Src/main.o
 .debug_macro   0x0000000000020100      0x147 ./Core/Src/main.o
 .debug_macro   0x0000000000020247      0x1e2 ./Core/Src/mlx90614.o
 .debug_macro   0x0000000000020429       0x16 ./Core/Src/mlx90614.o
 .debug_macro   0x000000000002043f      0x336 ./Core/Src/ssd1306.o
 .debug_macro   0x0000000000020775      0x1e2 ./Core/Src/stm32f4xx_hal_msp.o
 .debug_macro   0x0000000000020957      0x1ec ./Core/Src/stm32f4xx_it.o
 .debug_macro   0x0000000000020b43       0xff ./Core/Src/sysmem.o
 .debug_macro   0x0000000000020c42      0x23c ./Core/Src/sysmem.o
 .debug_macro   0x0000000000020e7e      0x1d3 ./Core/Src/system_stm32f4xx.o
 .debug_macro   0x0000000000021051      0x233 ./Drivers/STM32F4xx_HAL_Driver/Src/stm32f4xx_hal.o
 .debug_macro   0x0000000000021284      0x1d3 ./Drivers/STM32F4xx_HAL_Driver/Src/stm32f4xx_hal_cortex.o
 .debug_macro   0x0000000000021457      0x1d9 ./Drivers/STM32F4xx_HAL_Driver/Src/stm32f4xx_hal_gpio.o
 .debug_macro   0x0000000000021630      0x221 ./Drivers/STM32F4xx_HAL_Driver/Src/stm32f4xx_hal_i2c.o
 .debug_macro   0x0000000000021851      0x1f7 ./Drivers/STM32F4xx_HAL_Driver/Src/stm32f4xx_hal_rcc.o
 .debug_macro   0x0000000000021a48      0x1d3 ./Drivers/STM32F4xx_HAL_Driver/Src/stm32f4xx_hal_rcc_ex.o
 .debug_macro   0x0000000000021c1b      0x1d4 ./Drivers/STM32F4xx_HAL_Driver/Src/stm32f4xx_hal_uart.o

.debug_line     0x0000000000000000     0xede2
 .debug_line    0x0000000000000000      0x868 ./Core/Src/fonts.o
 .debug_line    0x0000000000000868      0xa69 ./Core/Src/main.o
 .debug_line    0x00000000000012d1      0x748 ./Core/Src/mlx90614.o
 .debug_line    0x0000000000001a19     0x1021 ./Core/Src/ssd1306.o
 .debug_line    0x0000000000002a3a      0x7ef ./Core/Src/stm32f4xx_hal_msp.o
 .debug_line    0x0000000000003229      0x7d1 ./Core/Src/stm32f4xx_it.o
 .debug_line    0x00000000000039fa      0x533 ./Core/Src/sysmem.o
 .debug_line    0x0000000000003f2d      0x790 ./Core/Src/system_stm32f4xx.o
 .debug_line    0x00000000000046bd       0x7a ./Core/Startup/startup_stm32f446retx.o
 .debug_line    0x0000000000004737      0x9f6 ./Drivers/STM32F4xx_HAL_Driver/Src/stm32f4xx_hal.o
 .debug_line    0x000000000000512d      0xcc2 ./Drivers/STM32F4xx_HAL_Driver/Src/stm32f4xx_hal_cortex.o
 .debug_line    0x0000000000005def      0xb56 ./Drivers/STM32F4xx_HAL_Driver/Src/stm32f4xx_hal_gpio.o
 .debug_line    0x0000000000006945     0x3a58 ./Drivers/STM32F4xx_HAL_Driver/Src/stm32f4xx_hal_i2c.o
 .debug_line    0x000000000000a39d      0xd7b ./Drivers/STM32F4xx_HAL_Driver/Src/stm32f4xx_hal_rcc.o
 .debug_line    0x000000000000b118     0x1417 ./Drivers/STM32F4xx_HAL_Driver/Src/stm32f4xx_hal_rcc_ex.o
 .debug_line    0x000000000000c52f     0x28b3 ./Drivers/STM32F4xx_HAL_Driver/Src/stm32f4xx_hal_uart.o

.debug_str      0x0000000000000000    0xcb369
 .debug_str     0x0000000000000000    0xc6cb8 ./Core/Src/fonts.o
                                      0xc6f71 (size before relaxing)
 .debug_str     0x00000000000c6cb8     0x1442 ./Core/Src/main.o
                                      0xc83b7 (size before relaxing)
 .debug_str     0x00000000000c80fa       0x35 ./Core/Src/mlx90614.o
                                      0xc431a (size before relaxing)
 .debug_str     0x00000000000c812f      0x4ed ./Core/Src/ssd1306.o
                                      0xc7ab8 (size before relaxing)
 .debug_str     0x00000000000c861c       0x95 ./Core/Src/stm32f4xx_hal_msp.o
                                      0xc4798 (size before relaxing)
 .debug_str     0x00000000000c86b1       0xc9 ./Core/Src/stm32f4xx_it.o
                                      0xc3f20 (size before relaxing)
 .debug_str     0x00000000000c877a      0x4dc ./Core/Src/sysmem.o
                                       0x6051 (size before relaxing)
 .debug_str     0x00000000000c8c56       0xdb ./Core/Src/system_stm32f4xx.o
                                      0xc3f49 (size before relaxing)
 .debug_str     0x00000000000c8d31       0x34 ./Core/Startup/startup_stm32f446retx.o
                                         0x63 (size before relaxing)
 .debug_str     0x00000000000c8d65      0xb11 ./Drivers/STM32F4xx_HAL_Driver/Src/stm32f4xx_hal.o
                                      0xc4b0e (size before relaxing)
 .debug_str     0x00000000000c9876      0x361 ./Drivers/STM32F4xx_HAL_Driver/Src/stm32f4xx_hal_cortex.o
                                      0xc4833 (size before relaxing)
 .debug_str     0x00000000000c9bd7      0x11c ./Drivers/STM32F4xx_HAL_Driver/Src/stm32f4xx_hal_gpio.o
                                      0xc40c4 (size before relaxing)
 .debug_str     0x00000000000c9cf3      0xb23 ./Drivers/STM32F4xx_HAL_Driver/Src/stm32f4xx_hal_i2c.o
                                      0xc4f47 (size before relaxing)
 .debug_str     0x00000000000ca816      0x213 ./Drivers/STM32F4xx_HAL_Driver/Src/stm32f4xx_hal_rcc.o
                                      0xc4382 (size before relaxing)
 .debug_str     0x00000000000caa29      0x324 ./Drivers/STM32F4xx_HAL_Driver/Src/stm32f4xx_hal_rcc_ex.o
                                      0xc43b5 (size before relaxing)
 .debug_str     0x00000000000cad4d      0x61c ./Drivers/STM32F4xx_HAL_Driver/Src/stm32f4xx_hal_uart.o
                                      0xc4939 (size before relaxing)

.debug_frame    0x0000000000000000     0x30f0
 .debug_frame   0x0000000000000000       0x38 ./Core/Src/fonts.o
 .debug_frame   0x0000000000000038       0xe4 ./Core/Src/main.o
 .debug_frame   0x000000000000011c       0x5c ./Core/Src/mlx90614.o
 .debug_frame   0x0000000000000178      0x414 ./Core/Src/ssd1306.o
 .debug_frame   0x000000000000058c       0xc4 ./Core/Src/stm32f4xx_hal_msp.o
 .debug_frame   0x0000000000000650      0x104 ./Core/Src/stm32f4xx_it.o
 .debug_frame   0x0000000000000754       0x34 ./Core/Src/sysmem.o
 .debug_frame   0x0000000000000788       0x58 ./Core/Src/system_stm32f4xx.o
 .debug_frame   0x00000000000007e0      0x374 ./Drivers/STM32F4xx_HAL_Driver/Src/stm32f4xx_hal.o
 .debug_frame   0x0000000000000b54      0x4b8 ./Drivers/STM32F4xx_HAL_Driver/Src/stm32f4xx_hal_cortex.o
 .debug_frame   0x000000000000100c      0x14c ./Drivers/STM32F4xx_HAL_Driver/Src/stm32f4xx_hal_gpio.o
 .debug_frame   0x0000000000001158      0xc84 ./Drivers/STM32F4xx_HAL_Driver/Src/stm32f4xx_hal_i2c.o
 .debug_frame   0x0000000000001ddc      0x1f4 ./Drivers/STM32F4xx_HAL_Driver/Src/stm32f4xx_hal_rcc.o
 .debug_frame   0x0000000000001fd0      0x1e8 ./Drivers/STM32F4xx_HAL_Driver/Src/stm32f4xx_hal_rcc_ex.o
 .debug_frame   0x00000000000021b8      0x954 ./Drivers/STM32F4xx_HAL_Driver/Src/stm32f4xx_hal_uart.o
 .debug_frame   0x0000000000002b0c      0x144 D:/STMIDE/STM32CubeIDE/plugins/com.st.stm32cube.ide.mcu.externaltools.gnu-tools-for-stm32.11.3.rel1.win32_1.1.100.202309141235/tools/bin/../lib/gcc/arm-none-eabi/11.3.1/../../../../arm-none-eabi/lib/thumb/v7e-m+fp/hard\libc_nano.a(libc_a-findfp.o)
 .debug_frame   0x0000000000002c50       0x6c D:/STMIDE/STM32CubeIDE/plugins/com.st.stm32cube.ide.mcu.externaltools.gnu-tools-for-stm32.11.3.rel1.win32_1.1.100.202309141235/tools/bin/../lib/gcc/arm-none-eabi/11.3.1/../../../../arm-none-eabi/lib/thumb/v7e-m+fp/hard\libc_nano.a(libc_a-sprintf.o)
 .debug_frame   0x0000000000002cbc       0x20 D:/STMIDE/STM32CubeIDE/plugins/com.st.stm32cube.ide.mcu.externaltools.gnu-tools-for-stm32.11.3.rel1.win32_1.1.100.202309141235/tools/bin/../lib/gcc/arm-none-eabi/11.3.1/../../../../arm-none-eabi/lib/thumb/v7e-m+fp/hard\libc_nano.a(libc_a-memset.o)
 .debug_frame   0x0000000000002cdc       0x38 D:/STMIDE/STM32CubeIDE/plugins/com.st.stm32cube.ide.mcu.externaltools.gnu-tools-for-stm32.11.3.rel1.win32_1.1.100.202309141235/tools/bin/../lib/gcc/arm-none-eabi/11.3.1/../../../../arm-none-eabi/lib/thumb/v7e-m+fp/hard\libc_nano.a(libc_a-reent.o)
 .debug_frame   0x0000000000002d14       0x20 D:/STMIDE/STM32CubeIDE/plugins/com.st.stm32cube.ide.mcu.externaltools.gnu-tools-for-stm32.11.3.rel1.win32_1.1.100.202309141235/tools/bin/../lib/gcc/arm-none-eabi/11.3.1/../../../../arm-none-eabi/lib/thumb/v7e-m+fp/hard\libc_nano.a(libc_a-errno.o)
 .debug_frame   0x0000000000002d34       0x2c D:/STMIDE/STM32CubeIDE/plugins/com.st.stm32cube.ide.mcu.externaltools.gnu-tools-for-stm32.11.3.rel1.win32_1.1.100.202309141235/tools/bin/../lib/gcc/arm-none-eabi/11.3.1/../../../../arm-none-eabi/lib/thumb/v7e-m+fp/hard\libc_nano.a(libc_a-init.o)
 .debug_frame   0x0000000000002d60       0xb0 D:/STMIDE/STM32CubeIDE/plugins/com.st.stm32cube.ide.mcu.externaltools.gnu-tools-for-stm32.11.3.rel1.win32_1.1.100.202309141235/tools/bin/../lib/gcc/arm-none-eabi/11.3.1/../../../../arm-none-eabi/lib/thumb/v7e-m+fp/hard\libc_nano.a(libc_a-lock.o)
 .debug_frame   0x0000000000002e10       0x38 D:/STMIDE/STM32CubeIDE/plugins/com.st.stm32cube.ide.mcu.externaltools.gnu-tools-for-stm32.11.3.rel1.win32_1.1.100.202309141235/tools/bin/../lib/gcc/arm-none-eabi/11.3.1/../../../../arm-none-eabi/lib/thumb/v7e-m+fp/hard\libc_nano.a(libc_a-freer.o)
 .debug_frame   0x0000000000002e48       0x50 D:/STMIDE/STM32CubeIDE/plugins/com.st.stm32cube.ide.mcu.externaltools.gnu-tools-for-stm32.11.3.rel1.win32_1.1.100.202309141235/tools/bin/../lib/gcc/arm-none-eabi/11.3.1/../../../../arm-none-eabi/lib/thumb/v7e-m+fp/hard\libc_nano.a(libc_a-mallocr.o)
 .debug_frame   0x0000000000002e98       0x30 D:/STMIDE/STM32CubeIDE/plugins/com.st.stm32cube.ide.mcu.externaltools.gnu-tools-for-stm32.11.3.rel1.win32_1.1.100.202309141235/tools/bin/../lib/gcc/arm-none-eabi/11.3.1/../../../../arm-none-eabi/lib/thumb/v7e-m+fp/hard\libc_nano.a(libc_a-mlock.o)
 .debug_frame   0x0000000000002ec8       0x90 D:/STMIDE/STM32CubeIDE/plugins/com.st.stm32cube.ide.mcu.externaltools.gnu-tools-for-stm32.11.3.rel1.win32_1.1.100.202309141235/tools/bin/../lib/gcc/arm-none-eabi/11.3.1/../../../../arm-none-eabi/lib/thumb/v7e-m+fp/hard\libc_nano.a(libc_a-nano-svfprintf.o)
 .debug_frame   0x0000000000002f58       0x60 D:/STMIDE/STM32CubeIDE/plugins/com.st.stm32cube.ide.mcu.externaltools.gnu-tools-for-stm32.11.3.rel1.win32_1.1.100.202309141235/tools/bin/../lib/gcc/arm-none-eabi/11.3.1/../../../../arm-none-eabi/lib/thumb/v7e-m+fp/hard\libc_nano.a(libc_a-nano-vfprintf_i.o)
 .debug_frame   0x0000000000002fb8       0x28 D:/STMIDE/STM32CubeIDE/plugins/com.st.stm32cube.ide.mcu.externaltools.gnu-tools-for-stm32.11.3.rel1.win32_1.1.100.202309141235/tools/bin/../lib/gcc/arm-none-eabi/11.3.1/../../../../arm-none-eabi/lib/thumb/v7e-m+fp/hard\libc_nano.a(libc_a-memmove.o)
 .debug_frame   0x0000000000002fe0       0x2c D:/STMIDE/STM32CubeIDE/plugins/com.st.stm32cube.ide.mcu.externaltools.gnu-tools-for-stm32.11.3.rel1.win32_1.1.100.202309141235/tools/bin/../lib/gcc/arm-none-eabi/11.3.1/../../../../arm-none-eabi/lib/thumb/v7e-m+fp/hard\libc_nano.a(libc_a-sbrkr.o)
 .debug_frame   0x000000000000300c       0x28 D:/STMIDE/STM32CubeIDE/plugins/com.st.stm32cube.ide.mcu.externaltools.gnu-tools-for-stm32.11.3.rel1.win32_1.1.100.202309141235/tools/bin/../lib/gcc/arm-none-eabi/11.3.1/../../../../arm-none-eabi/lib/thumb/v7e-m+fp/hard\libc_nano.a(libc_a-memcpy-stub.o)
 .debug_frame   0x0000000000003034       0x3c D:/STMIDE/STM32CubeIDE/plugins/com.st.stm32cube.ide.mcu.externaltools.gnu-tools-for-stm32.11.3.rel1.win32_1.1.100.202309141235/tools/bin/../lib/gcc/arm-none-eabi/11.3.1/../../../../arm-none-eabi/lib/thumb/v7e-m+fp/hard\libc_nano.a(libc_a-reallocr.o)
 .debug_frame   0x0000000000003070       0x20 D:/STMIDE/STM32CubeIDE/plugins/com.st.stm32cube.ide.mcu.externaltools.gnu-tools-for-stm32.11.3.rel1.win32_1.1.100.202309141235/tools/bin/../lib/gcc/arm-none-eabi/11.3.1/../../../../arm-none-eabi/lib/thumb/v7e-m+fp/hard\libc_nano.a(libc_a-msizer.o)
 .debug_frame   0x0000000000003090       0x2c D:/STMIDE/STM32CubeIDE/plugins/com.st.stm32cube.ide.mcu.externaltools.gnu-tools-for-stm32.11.3.rel1.win32_1.1.100.202309141235/tools/bin/../lib/gcc/arm-none-eabi/11.3.1/thumb/v7e-m+fp/hard\libgcc.a(_aeabi_uldivmod.o)
 .debug_frame   0x00000000000030bc       0x34 D:/STMIDE/STM32CubeIDE/plugins/com.st.stm32cube.ide.mcu.externaltools.gnu-tools-for-stm32.11.3.rel1.win32_1.1.100.202309141235/tools/bin/../lib/gcc/arm-none-eabi/11.3.1/thumb/v7e-m+fp/hard\libgcc.a(_udivmoddi4.o)

.debug_line_str
                0x0000000000000000       0x57
 .debug_line_str
                0x0000000000000000       0x57 ./Core/Startup/startup_stm32f446retx.o
                                         0x6f (size before relaxing)
